Component: ARM Compiler 5.06 update 6 (build 750) Tool: armlink [4d35ed]

==============================================================================

Section Cross References

    main.o(i.main) refers to misc.o(i.NVIC_PriorityGroupConfig) for NVIC_PriorityGroupConfig
    main.o(i.main) refers to delay.o(i.delay_init) for delay_init
    main.o(i.main) refers to led.o(i.LED_Init) for LED_Init
    main.o(i.main) refers to exti.o(i.EXTIX_Init) for EXTIX_Init
    main.o(i.main) refers to motor.o(i.PWM_Init) for PWM_Init
    main.o(i.main) refers to timer.o(i.TIM12_Int_Init) for TIM12_Int_Init
    main.o(i.main) refers to usart.o(i.USART_Config) for USART_Config
    main.o(i.main) refers to usart.o(i.GPS_USART_DMA_EN) for GPS_USART_DMA_EN
    main.o(i.main) refers to lcd.o(i.LCD_Init) for LCD_Init
    main.o(i.main) refers to lcd.o(i.LCD_Scan_Dir) for LCD_Scan_Dir
    main.o(i.main) refers to m_func.o(i.Show_Menu_List) for Show_Menu_List
    main.o(i.main) refers to can_pid.o(i.PID_Init) for PID_Init
    main.o(i.main) refers to can.o(i.CANx_Init) for CANx_Init
    main.o(i.main) refers to touch.o(i.TP_MainMenu_Judge) for TP_MainMenu_Judge
    main.o(i.main) refers to m_func.o(i.KeyNumOperate) for KeyNumOperate
    main.o(i.main) refers to delay.o(i.delay_ms) for delay_ms
    main.o(i.main) refers to touch.o(.data) for use_touch_adj_data
    main.o(i.main) refers to usart.o(.data) for Is_USART_Key_Receive
    system_stm32f4xx.o(i.SystemCoreClockUpdate) refers to system_stm32f4xx.o(.data) for SystemCoreClock
    system_stm32f4xx.o(i.SystemInit) refers to system_stm32f4xx.o(i.SetSysClock) for SetSysClock
    led.o(i.LED_Init) refers to stm32f4xx_rcc.o(i.RCC_AHB1PeriphClockCmd) for RCC_AHB1PeriphClockCmd
    led.o(i.LED_Init) refers to stm32f4xx_gpio.o(i.GPIO_Init) for GPIO_Init
    exti.o(i.EXTI2_IRQHandler) refers to stm32f4xx_exti.o(i.EXTI_GetITStatus) for EXTI_GetITStatus
    exti.o(i.EXTI2_IRQHandler) refers to delay.o(i.delay_ms) for delay_ms
    exti.o(i.EXTI2_IRQHandler) refers to stm32f4xx_exti.o(i.EXTI_ClearITPendingBit) for EXTI_ClearITPendingBit
    exti.o(i.EXTI3_IRQHandler) refers to stm32f4xx_exti.o(i.EXTI_GetITStatus) for EXTI_GetITStatus
    exti.o(i.EXTI3_IRQHandler) refers to delay.o(i.delay_ms) for delay_ms
    exti.o(i.EXTI3_IRQHandler) refers to stm32f4xx_exti.o(i.EXTI_ClearITPendingBit) for EXTI_ClearITPendingBit
    exti.o(i.EXTI4_IRQHandler) refers to stm32f4xx_exti.o(i.EXTI_GetITStatus) for EXTI_GetITStatus
    exti.o(i.EXTI4_IRQHandler) refers to delay.o(i.delay_ms) for delay_ms
    exti.o(i.EXTI4_IRQHandler) refers to stm32f4xx_exti.o(i.EXTI_ClearITPendingBit) for EXTI_ClearITPendingBit
    exti.o(i.EXTI9_5_IRQHandler) refers to stm32f4xx_exti.o(i.EXTI_GetITStatus) for EXTI_GetITStatus
    exti.o(i.EXTI9_5_IRQHandler) refers to delay.o(i.delay_ms) for delay_ms
    exti.o(i.EXTI9_5_IRQHandler) refers to stm32f4xx_exti.o(i.EXTI_ClearITPendingBit) for EXTI_ClearITPendingBit
    exti.o(i.EXTI9_5_IRQHandler) refers to exti.o(.data) for SW_Start_Flag
    exti.o(i.EXTIX_Init) refers to key.o(i.KEY_Init) for KEY_Init
    exti.o(i.EXTIX_Init) refers to stm32f4xx_rcc.o(i.RCC_APB2PeriphClockCmd) for RCC_APB2PeriphClockCmd
    exti.o(i.EXTIX_Init) refers to stm32f4xx_syscfg.o(i.SYSCFG_EXTILineConfig) for SYSCFG_EXTILineConfig
    exti.o(i.EXTIX_Init) refers to stm32f4xx_exti.o(i.EXTI_Init) for EXTI_Init
    exti.o(i.EXTIX_Init) refers to stm32f4xx_exti.o(i.EXTI_ClearITPendingBit) for EXTI_ClearITPendingBit
    exti.o(i.EXTIX_Init) refers to misc.o(i.NVIC_PriorityGroupConfig) for NVIC_PriorityGroupConfig
    exti.o(i.EXTIX_Init) refers to misc.o(i.NVIC_Init) for NVIC_Init
    motor.o(i.Motor_Get_Rotation_Speed) refers to motor.o(i.Get_TIMx) for Get_TIMx
    motor.o(i.Motor_Get_Rotation_Speed) refers to dfltui.o(.text) for __aeabi_ui2d
    motor.o(i.Motor_Get_Rotation_Speed) refers to dmul.o(.text) for __aeabi_dmul
    motor.o(i.Motor_Get_Rotation_Speed) refers to ddiv.o(.text) for __aeabi_ddiv
    motor.o(i.Motor_Get_Rotation_Speed) refers to motor.o(.data) for pwm_structs
    motor.o(i.Motor_Set_Rotation_Speed) refers to motor.o(i.Get_TIMx) for Get_TIMx
    motor.o(i.Motor_Set_Rotation_Speed) refers to fabs.o(i.__hardfp_fabs) for __hardfp_fabs
    motor.o(i.Motor_Set_Rotation_Speed) refers to dmul.o(.text) for __aeabi_dmul
    motor.o(i.Motor_Set_Rotation_Speed) refers to ddiv.o(.text) for __aeabi_ddiv
    motor.o(i.Motor_Set_Rotation_Speed) refers to cdrcmple.o(.text) for __aeabi_cdrcmple
    motor.o(i.Motor_Set_Rotation_Speed) refers to cdcmple.o(.text) for __aeabi_cdcmple
    motor.o(i.Motor_Set_Rotation_Speed) refers to dfltui.o(.text) for __aeabi_ui2d
    motor.o(i.Motor_Set_Rotation_Speed) refers to dadd.o(.text) for __aeabi_dsub
    motor.o(i.Motor_Set_Rotation_Speed) refers to dfixui.o(.text) for __aeabi_d2uiz
    motor.o(i.Motor_Set_Rotation_Speed) refers to motor.o(.data) for pwm_structs
    motor.o(i.PWM_CLK_Init) refers to motor.o(i.GetAPBx) for GetAPBx
[...]
    __aeabi_cdcmple                          0x080005d9   Thumb Code    48  cdcmple.o(.text)
    __aeabi_cdrcmple                         0x08000609   Thumb Code    48  cdrcmple.o(.text)
    __aeabi_d2f                              0x08000639   Thumb Code    56  d2f.o(.text)
    __aeabi_uidiv                            0x08000671   Thumb Code     0  uidiv.o(.text)
    __aeabi_uidivmod                         0x08000671   Thumb Code    44  uidiv.o(.text)
    __aeabi_uldivmod                         0x0800069d   Thumb Code    98  uldiv.o(.text)
    __aeabi_llsl                             0x080006ff   Thumb Code    30  llshl.o(.text)
    _ll_shift_l                              0x080006ff   Thumb Code     0  llshl.o(.text)
    __aeabi_llsr                             0x0800071d   Thumb Code    32  llushr.o(.text)
    _ll_ushift_r                             0x0800071d   Thumb Code     0  llushr.o(.text)
    __aeabi_lasr                             0x0800073d   Thumb Code    36  llsshr.o(.text)
    _ll_sshift_r                             0x0800073d   Thumb Code     0  llsshr.o(.text)
    __I$use$fp                               0x08000761   Thumb Code     0  iusefp.o(.text)
    _float_round                             0x08000761   Thumb Code    18  fepilogue.o(.text)
    _float_epilogue                          0x08000773   Thumb Code    92  fepilogue.o(.text)
    _double_round                            0x080007cf   Thumb Code    30  depilogue.o(.text)
    _double_epilogue                         0x080007ed   Thumb Code   156  depilogue.o(.text)
    _dsqrt                                   0x08000889   Thumb Code   162  dsqrt.o(.text)
    __aeabi_d2ulz                            0x0800092b   Thumb Code    48  dfixul.o(.text)
    __scatterload                            0x0800095d   Thumb Code    28  init.o(.text)
    __scatterload_rt2                        0x0800095d   Thumb Code     0  init.o(.text)
    __aeabi_d2iz                             0x08000981   Thumb Code    62  dfixi.o(.text)
    __decompress                             0x080009bf   Thumb Code     0  __dczerorl2.o(.text)
    __decompress1                            0x080009bf   Thumb Code    86  __dczerorl2.o(.text)
    ADC_SoftwareStartConv                    0x08000a15   Thumb Code    10  stm32f4xx_adc.o(i.ADC_SoftwareStartConv)
    AnglePID                                 0x08000a21   Thumb Code   424  pid_1.o(i.AnglePID)
    BusFault_Handler                         0x08000bed   Thumb Code     4  stm32f4xx_it.o(i.BusFault_Handler)
    CAN2_RX0_IRQHandler                      0x08000bf1   Thumb Code    84  can.o(i.CAN2_RX0_IRQHandler)
    CAN2_RX1_IRQHandler                      0x08000c51   Thumb Code    84  can.o(i.CAN2_RX1_IRQHandler)
    CAN_CAN_Config                           0x08000cb1   Thumb Code    96  can.o(i.CAN_CAN_Config)
    CAN_DeInit                               0x08000d19   Thumb Code    50  stm32f4xx_can.o(i.CAN_DeInit)
    CAN_FilterInit                           0x08000d51   Thumb Code   258  stm32f4xx_can.o(i.CAN_FilterInit)
    CAN_ITConfig                             0x08000e59   Thumb Code    18  stm32f4xx_can.o(i.CAN_ITConfig)
    CAN_Init                                 0x08000e6b   Thumb Code   276  stm32f4xx_can.o(i.CAN_Init)
    CAN_Receive                              0x08000f7f   Thumb Code   240  stm32f4xx_can.o(i.CAN_Receive)
    CAN_SlaveStartBank                       0x08001071   Thumb Code    48  stm32f4xx_can.o(i.CAN_SlaveStartBank)
    CAN_Transmit                             0x080010a5   Thumb Code   294  stm32f4xx_can.o(i.CAN_Transmit)
    CANx_Init                                0x080011cb   Thumb Code    28  can.o(i.CANx_Init)
    Camera_Set_Mode                          0x080011e9   Thumb Code   148  camera.o(i.Camera_Set_Mode)
    Can_FILTER_Config                        0x08001299   Thumb Code   896  can.o(i.Can_FILTER_Config)
    Can_GPIO_Config                          0x08001621   Thumb Code    62  can.o(i.Can_GPIO_Config)
    Can_IT_Config                            0x08001665   Thumb Code    24  can.o(i.Can_IT_Config)
    Can_NVIC_Config                          0x08001681   Thumb Code    52  can.o(i.Can_NVIC_Config)
    Can_SendData                             0x080016b5   Thumb Code    32  can.o(i.Can_SendData)
    DMA1_Stream1_IRQHandler                  0x080016dd   Thumb Code    58  usart.o(i.DMA1_Stream1_IRQHandler)
    DMA1_Stream2_IRQHandler                  0x0800172d   Thumb Code   222  usart.o(i.DMA1_Stream2_IRQHandler)
    DMA1_Stream3_IRQHandler                  0x08001829   Thumb Code    32  usart.o(i.DMA1_Stream3_IRQHandler)
    DMA1_Stream4_IRQHandler                  0x08001851   Thumb Code    32  usart.o(i.DMA1_Stream4_IRQHandler)
    DMA2_Stream0_IRQHandler                  0x08001879   Thumb Code    90  ccd.o(i.DMA2_Stream0_IRQHandler)
    DMA2_Stream2_IRQHandler                  0x080018ed   Thumb Code    24  usart.o(i.DMA2_Stream2_IRQHandler)
    DMA2_Stream6_IRQHandler                  0x0800190d   Thumb Code    32  usart.o(i.DMA2_Stream6_IRQHandler)
    DMA_ClearITPendingBit                    0x08001935   Thumb Code    38  stm32f4xx_dma.o(i.DMA_ClearITPendingBit)
    DMA_Cmd                                  0x08001969   Thumb Code    22  stm32f4xx_dma.o(i.DMA_Cmd)
    DMA_GetCurrDataCounter                   0x0800197f   Thumb Code     8  stm32f4xx_dma.o(i.DMA_GetCurrDataCounter)
    DMA_GetITStatus                          0x08001989   Thumb Code    82  stm32f4xx_dma.o(i.DMA_GetITStatus)
    DMA_ITConfig                             0x080019ed   Thumb Code    58  stm32f4xx_dma.o(i.DMA_ITConfig)
    DMA_Init                                 0x08001a29   Thumb Code    82  stm32f4xx_dma.o(i.DMA_Init)
    DMA_SetCurrDataCounter                   0x08001a81   Thumb Code     4  stm32f4xx_dma.o(i.DMA_SetCurrDataCounter)
    DebugMon_Handler                         0x08001a85   Thumb Code     2  stm32f4xx_it.o(i.DebugMon_Handler)
    DistancePID                              0x08001a89   Thumb Code   424  pid_1.o(i.DistancePID)
    EXTI2_IRQHandler                         0x08001c55   Thumb Code    48  exti.o(i.EXTI2_IRQHandler)
    EXTI3_IRQHandler                         0x08001c8d   Thumb Code    48  exti.o(i.EXTI3_IRQHandler)
    EXTI4_IRQHandler                         0x08001cc5   Thumb Code    48  exti.o(i.EXTI4_IRQHandler)
    EXTI9_5_IRQHandler                       0x08001cfd   Thumb Code   154  exti.o(i.EXTI9_5_IRQHandler)
    EXTIX_Init                               0x08001da5   Thumb Code   238  exti.o(i.EXTIX_Init)
    EXTI_ClearITPendingBit                   0x08001e95   Thumb Code     6  stm32f4xx_exti.o(i.EXTI_ClearITPendingBit)
    EXTI_GetITStatus                         0x08001ea1   Thumb Code    20  stm32f4xx_exti.o(i.EXTI_GetITStatus)
    EXTI_Init                                0x08001eb9   Thumb Code   142  stm32f4xx_exti.o(i.EXTI_Init)
    Encoder_Init_Convert                     0x08001f4d   Thumb Code   252  encoder.o(i.Encoder_Init_Convert)
    Encoder_Init_Radius                      0x08002079   Thumb Code   580  encoder.o(i.Encoder_Init_Radius)
    FSMC_NORSRAMCmd                          0x08002335   Thumb Code    46  stm32f4xx_fsmc.o(i.FSMC_NORSRAMCmd)
    FSMC_NORSRAMInit                         0x08002369   Thumb Code   230  stm32f4xx_fsmc.o(i.FSMC_NORSRAMInit)
    GPIO_Init                                0x0800244f   Thumb Code   144  stm32f4xx_gpio.o(i.GPIO_Init)
    GPIO_PinAFConfig                         0x080024df   Thumb Code    70  stm32f4xx_gpio.o(i.GPIO_PinAFConfig)
    GPS_Clear                                0x08002525   Thumb Code    42  gps.o(i.GPS_Clear)
    GPS_Gyro_Set_Zero                        0x08002559   Thumb Code    42  gps.o(i.GPS_Gyro_Set_Zero)
    GPS_Init                                 0x0800258d   Thumb Code   126  gps.o(i.GPS_Init)
    GPS_USART_DMA_EN                         0x08002615   Thumb Code   254  usart.o(i.GPS_USART_DMA_EN)
    GetFoot_P2L                              0x0800273f   Thumb Code   440  mymath.o(i.GetFoot_P2L)
    GetFoot_P2L_PP                           0x080028f7   Thumb Code   250  mymath.o(i.GetFoot_P2L_PP)
    GetLength                                0x080029f1   Thumb Code   244  mymath.o(i.GetLength)
    GetLineAngle                             0x08002ae5   Thumb Code   132  mymath.o(i.GetLineAngle)
    GoKeyNum                                 0x08002c61   Thumb Code    50  m_func.o(i.GoKeyNum)
    GoLine                                   0x08002c99   Thumb Code  2082  goline.o(i.GoLine)
    HardFault_Handler                        0x08003509   Thumb Code     4  stm32f4xx_it.o(i.HardFault_Handler)
    Hash_Table_init                          0x0800350d   Thumb Code    62  can_database.o(i.Hash_Table_init)
    Input_DoubleValue                        0x08003559   Thumb Code   948  touch.o(i.Input_DoubleValue)
    Input_Int64Value                         0x08003961   Thumb Code   722  touch.o(i.Input_Int64Value)
    Input_IntValue                           0x08003c65   Thumb Code   668  touch.o(i.Input_IntValue)
    KEY_Init                                 0x08003f2d   Thumb Code    56  key.o(i.KEY_Init)
    Keep                                     0x08003f6d   Thumb Code   756  keep.o(i.Keep)
    KeyNumOperate                            0x080042a9   Thumb Code   158  m_func.o(i.KeyNumOperate)
    LCD_Clear                                0x08004355   Thumb Code   100  lcd.o(i.LCD_Clear)
    LCD_Display_Dir                          0x080043c1   Thumb Code   444  lcd.o(i.LCD_Display_Dir)
    LCD_DrawLine                             0x08004581   Thumb Code   176  lcd.o(i.LCD_DrawLine)
    LCD_DrawPoint                            0x08004631   Thumb Code    28  lcd.o(i.LCD_DrawPoint)
    LCD_DrawRectangle                        0x08004655   Thumb Code    60  lcd.o(i.LCD_DrawRectangle)
    LCD_Draw_Circle                          0x08004691   Thumb Code   152  lcd.o(i.LCD_Draw_Circle)
    LCD_Fast_DrawPoint                       0x08004729   Thumb Code   374  lcd.o(i.LCD_Fast_DrawPoint)
    LCD_Fill                                 0x080048a9   Thumb Code   180  lcd.o(i.LCD_Fill)
    LCD_Init                                 0x08004961   Thumb Code 14718  lcd.o(i.LCD_Init)
    LCD_Pow                                  0x080082e9   Thumb Code    22  lcd.o(i.LCD_Pow)
    LCD_RD_DATA                              0x08008301   Thumb Code    14  lcd.o(i.LCD_RD_DATA)
    LCD_ReadReg                              0x08008315   Thumb Code    22  lcd.o(i.LCD_ReadReg)
    LCD_Reset                                0x0800832d   Thumb Code    24  lcd.o(i.LCD_Reset)
    LCD_SSD_BackLightSet                     0x0800834d   Thumb Code    88  lcd.o(i.LCD_SSD_BackLightSet)
    LCD_Scan_Dir                             0x080083ad   Thumb Code   744  lcd.o(i.LCD_Scan_Dir)
    LCD_SetCursor                            0x08008699   Thumb Code   418  lcd.o(i.LCD_SetCursor)
    LCD_ShowChar                             0x08008841   Thumb Code   272  lcd.o(i.LCD_ShowChar)
    LCD_ShowNum                              0x08008969   Thumb Code   148  lcd.o(i.LCD_ShowNum)
    LCD_ShowString                           0x080089fd   Thumb Code   102  lcd.o(i.LCD_ShowString)
    LCD_WR_DATA                              0x08008a65   Thumb Code    18  lcd.o(i.LCD_WR_DATA)
    LCD_WR_REG                               0x08008a7d   Thumb Code    18  lcd.o(i.LCD_WR_REG)
    LCD_WriteRAM_Prepare                     0x08008a95   Thumb Code    10  lcd.o(i.LCD_WriteRAM_Prepare)
    LCD_WriteReg                             0x08008aa9   Thumb Code    14  lcd.o(i.LCD_WriteReg)
    LCD_printf                               0x08008abd   Thumb Code    60  lcd.o(i.LCD_printf)
    LED_Init                                 0x08008af9   Thumb Code    84  led.o(i.LED_Init)
    MaxFour                                  0x08008b61   Thumb Code   156  mymath.o(i.MaxFour)
    MemManage_Handler                        0x08008bfd   Thumb Code     4  stm32f4xx_it.o(i.MemManage_Handler)
    Motor_Get_Rotation_Speed                 0x08008c01   Thumb Code   608  motor.o(i.Motor_Get_Rotation_Speed)
    Motor_Set_Enabled                        0x08008e99   Thumb Code    50  motor.o(i.Motor_Set_Enabled)
    Motor_Set_Rotation_Speed                 0x08008ed9   Thumb Code   798  motor.o(i.Motor_Set_Rotation_Speed)
    NMI_Handler                              0x0800924d   Thumb Code     2  stm32f4xx_it.o(i.NMI_Handler)
    NVIC_Init                                0x08009251   Thumb Code   106  misc.o(i.NVIC_Init)
    NVIC_PriorityGroupConfig                 0x080092c9   Thumb Code    10  misc.o(i.NVIC_PriorityGroupConfig)
    PID_01                                   0x080092dd   Thumb Code    10  can_pid.o(i.PID_01)
    PID_02                                   0x080092e7   Thumb Code    10  can_pid.o(i.PID_02)
    PID_Clear                                0x080092f1   Thumb Code   154  pid_1.o(i.PID_Clear)
    PID_DJI                                  0x080093b9   Thumb Code   246  can_pid.o(i.PID_DJI)
    PID_DJI_Handler                          0x080094b1   Thumb Code   304  can_pid.o(i.PID_DJI_Handler)
    PID_Init                                 0x080095f9   Thumb Code   112  can_pid.o(i.PID_Init)
    PID_struct_init                          0x08009685   Thumb Code    66  can_pid.o(i.PID_struct_init)
    PWM_DIR_Init                             0x0800974d   Thumb Code   114  motor.o(i.PWM_DIR_Init)
    PWM_Init                                 0x0800983d   Thumb Code    60  motor.o(i.PWM_Init)
    PendSV_Handler                           0x08009971   Thumb Code     2  stm32f4xx_it.o(i.PendSV_Handler)
    RCC_AHB1PeriphClockCmd                   0x08009975   Thumb Code    26  stm32f4xx_rcc.o(i.RCC_AHB1PeriphClockCmd)
    RCC_AHB3PeriphClockCmd                   0x08009995   Thumb Code    26  stm32f4xx_rcc.o(i.RCC_AHB3PeriphClockCmd)
    RCC_APB1PeriphClockCmd                   0x080099b5   Thumb Code    26  stm32f4xx_rcc.o(i.RCC_APB1PeriphClockCmd)
    RCC_APB1PeriphResetCmd                   0x080099d5   Thumb Code    26  stm32f4xx_rcc.o(i.RCC_APB1PeriphResetCmd)
    RCC_APB2PeriphClockCmd                   0x080099f5   Thumb Code    26  stm32f4xx_rcc.o(i.RCC_APB2PeriphClockCmd)
    RCC_GetClocksFreq                        0x08009a15   Thumb Code   214  stm32f4xx_rcc.o(i.RCC_GetClocksFreq)
    Return_Any_Point                         0x08009afd   Thumb Code   264  m_process.o(i.Return_Any_Point)
    SVC_Handler                              0x08009c35   Thumb Code     2  stm32f4xx_it.o(i.SVC_Handler)
    SYSCFG_EXTILineConfig                    0x08009c39   Thumb Code    60  stm32f4xx_syscfg.o(i.SYSCFG_EXTILineConfig)
    Servo_Original_Point_Bend                0x08009c79   Thumb Code    26  servo.o(i.Servo_Original_Point_Bend)
    Servo_PWM_SetDuty                        0x08009c99   Thumb Code    66  servo.o(i.Servo_PWM_SetDuty)
    Servo_Product_Point_Bend                 0x08009ce9   Thumb Code    26  servo.o(i.Servo_Product_Point_Bend)
    Servo_Product_Point_Grab_Off_Down_Panpilt_Straight 0x08009d09   Thumb Code    26  servo.o(i.Servo_Product_Point_Grab_Off_Down_Panpilt_Straight)
    Servo_Product_Point_Grab_On_Down_Panpilt_Straight 0x08009d29   Thumb Code    60  servo.o(i.Servo_Product_Point_Grab_On_Down_Panpilt_Straight)
    Servo_Product_Point_Grab_On_Middle_Panpilt_Skew 0x08009d6d   Thumb Code    60  servo.o(i.Servo_Product_Point_Grab_On_Middle_Panpilt_Skew)
    Servo_Product_Point_Grab_On_Middle_Panpilt_Straight 0x08009db1   Thumb Code    60  servo.o(i.Servo_Product_Point_Grab_On_Middle_Panpilt_Straight)
    Servo_QR_Code_Stretch                    0x08009df5   Thumb Code    26  servo.o(i.Servo_QR_Code_Stretch)
    Servo_Stock_Point_Grab_Off_Panpilt_Skew  0x08009e15   Thumb Code    26  servo.o(i.Servo_Stock_Point_Grab_Off_Panpilt_Skew)
    Servo_Stock_Point_Grab_Off_Panpilt_Straight 0x08009e35   Thumb Code    26  servo.o(i.Servo_Stock_Point_Grab_Off_Panpilt_Straight)
    Servo_Stock_Point_Grab_On_Panpilt_Straight 0x08009e55   Thumb Code    54  servo.o(i.Servo_Stock_Point_Grab_On_Panpilt_Straight)
    Servo_Stock_Point_Grab_On_Panpilt_Straight_Lift 0x08009e91   Thumb Code    54  servo.o(i.Servo_Stock_Point_Grab_On_Panpilt_Straight_Lift)
    Servo_Working_Point_Grab_Off_Down_Panpilt_Straight 0x08009ecd   Thumb Code    26  servo.o(i.Servo_Working_Point_Grab_Off_Down_Panpilt_Straight)
    Servo_Working_Point_Grab_Off_High_Panpilt_Straight 0x08009eed   Thumb Code    26  servo.o(i.Servo_Working_Point_Grab_Off_High_Panpilt_Straight)
    Servo_Working_Point_Grab_Off_Low_Panpilt_Straight 0x08009f0d   Thumb Code    26  servo.o(i.Servo_Working_Point_Grab_Off_Low_Panpilt_Straight)
    Servo_Working_Point_Grab_Off_Middle_Panpilt_Skew 0x08009f2d   Thumb Code    26  servo.o(i.Servo_Working_Point_Grab_Off_Middle_Panpilt_Skew)
    Servo_Working_Point_Grab_On_Down_Panpilt_Straight 0x08009f4d   Thumb Code    60  servo.o(i.Servo_Working_Point_Grab_On_Down_Panpilt_Straight)
    Servo_Working_Point_Grab_On_High_Panpilt_Skew 0x08009f91   Thumb Code    60  servo.o(i.Servo_Working_Point_Grab_On_High_Panpilt_Skew)
    Servo_Working_Point_Grab_On_High_Panpilt_Straight 0x08009fd5   Thumb Code    60  servo.o(i.Servo_Working_Point_Grab_On_High_Panpilt_Straight)
    Servo_Working_Point_Grab_On_Low_Panpilt_Straight 0x0800a019   Thumb Code    60  servo.o(i.Servo_Working_Point_Grab_On_Low_Panpilt_Straight)
    SetKeep                                  0x0800a05d   Thumb Code    54  keep.o(i.SetKeep)
    SetLine                                  0x0800a0a1   Thumb Code   804  goline.o(i.SetLine)
    SetSpeed                                 0x0800a415   Thumb Code  1508  mecanum.o(i.SetSpeed)
    Show_Keyboard                            0x0800aaf9   Thumb Code  1378  m_func.o(i.Show_Keyboard)
    Show_Menu_List                           0x0800b071   Thumb Code   114  m_func.o(i.Show_Menu_List)
    SysTick_CLKSourceConfig                  0x0800b0f1   Thumb Code    40  misc.o(i.SysTick_CLKSourceConfig)
    SysTick_Handler                          0x0800b119   Thumb Code     2  stm32f4xx_it.o(i.SysTick_Handler)
    SystemInit                               0x0800b11d   Thumb Code    88  system_stm32f4xx.o(i.SystemInit)
    TIM12_Int_Init                           0x0800b185   Thumb Code    96  timer.o(i.TIM12_Int_Init)
    TIM3_IRQHandler                          0x0800b1e9   Thumb Code   268  ccd.o(i.TIM3_IRQHandler)
    TIM8_BRK_TIM12_IRQHandler                0x0800b30d   Thumb Code    34  timer.o(i.TIM8_BRK_TIM12_IRQHandler)
    TIM_ARRPreloadConfig                     0x0800b339   Thumb Code    24  stm32f4xx_tim.o(i.TIM_ARRPreloadConfig)
    TIM_ClearITPendingBit                    0x0800b351   Thumb Code     6  stm32f4xx_tim.o(i.TIM_ClearITPendingBit)
    TIM_Cmd                                  0x0800b357   Thumb Code    24  stm32f4xx_tim.o(i.TIM_Cmd)
    TIM_GetITStatus                          0x0800b36f   Thumb Code    34  stm32f4xx_tim.o(i.TIM_GetITStatus)
    TIM_ITConfig                             0x0800b391   Thumb Code    18  stm32f4xx_tim.o(i.TIM_ITConfig)
    TIM_OC1Init                              0x0800b3a5   Thumb Code   114  stm32f4xx_tim.o(i.TIM_OC1Init)
    TIM_OC1PreloadConfig                     0x0800b421   Thumb Code    18  stm32f4xx_tim.o(i.TIM_OC1PreloadConfig)
    TIM_OC2Init                              0x0800b435   Thumb Code   154  stm32f4xx_tim.o(i.TIM_OC2Init)
    TIM_OC2PreloadConfig                     0x0800b4d9   Thumb Code    26  stm32f4xx_tim.o(i.TIM_OC2PreloadConfig)
    TIM_OC3Init                              0x0800b4f5   Thumb Code   150  stm32f4xx_tim.o(i.TIM_OC3Init)
    TIM_OC3PreloadConfig                     0x0800b595   Thumb Code    18  stm32f4xx_tim.o(i.TIM_OC3PreloadConfig)
    TIM_OC4Init                              0x0800b5a9   Thumb Code   112  stm32f4xx_tim.o(i.TIM_OC4Init)
    TIM_OC4PreloadConfig                     0x0800b621   Thumb Code    26  stm32f4xx_tim.o(i.TIM_OC4PreloadConfig)
    TIM_TimeBaseInit                         0x0800b63d   Thumb Code   104  stm32f4xx_tim.o(i.TIM_TimeBaseInit)
    TP_Adj_Info_Show                         0x0800b6c1   Thumb Code   374  touch.o(i.TP_Adj_Info_Show)
    TP_Adj_Parameters_Set                    0x0800b869   Thumb Code    72  touch.o(i.TP_Adj_Parameters_Set)
    TP_Adj_Parameters_Show                   0x0800b8c5   Thumb Code   194  touch.o(i.TP_Adj_Parameters_Show)
    TP_Adjust                                0x0800b9c9   Thumb Code  2292  touch.o(i.TP_Adjust)
    TP_Drow_Touch_Point                      0x0800c2bd   Thumb Code   108  touch.o(i.TP_Drow_Touch_Point)
    TP_Init                                  0x0800c32d   Thumb Code   166  touch.o(i.TP_Init)
    TP_Keyboard_Judge                        0x0800c3e9   Thumb Code   350  touch.o(i.TP_Keyboard_Judge)
    TP_MainMenu_Judge                        0x0800c551   Thumb Code   262  touch.o(i.TP_MainMenu_Judge)
    TP_Read_AD                               0x0800c661   Thumb Code   132  touch.o(i.TP_Read_AD)
    TP_Read_XOY                              0x0800c6f5   Thumb Code   120  touch.o(i.TP_Read_XOY)
    TP_Read_XY                               0x0800c76d   Thumb Code    38  touch.o(i.TP_Read_XY)
    TP_Read_XY2                              0x0800c79d   Thumb Code   192  touch.o(i.TP_Read_XY2)
    TP_Row_Judge                             0x0800c85d   Thumb Code   426  touch.o(i.TP_Row_Judge)
    TP_Scan                                  0x0800ca11   Thumb Code   242  touch.o(i.TP_Scan)
    TP_Write_Byte                            0x0800cb0d   Thumb Code    64  touch.o(i.TP_Write_Byte)
    TSL1401_Edge_Detect                      0x0800cb59   Thumb Code   714  ccd.o(i.TSL1401_Edge_Detect)
    TSL1401_Find_ADC_Max_Min_Threshold       0x0800ce39   Thumb Code   228  ccd.o(i.TSL1401_Find_ADC_Max_Min_Threshold)
    TSL1401_Measure                          0x0800cf31   Thumb Code    16  ccd.o(i.TSL1401_Measure)
    TSL1401_SetEnabled                       0x0800cf41   Thumb Code    60  ccd.o(i.TSL1401_SetEnabled)
    USART1_IRQHandler                        0x0800cf8d   Thumb Code    30  usart.o(i.USART1_IRQHandler)
    USART2_IRQHandler                        0x0800cfb9   Thumb Code   420  usart.o(i.USART2_IRQHandler)
    USART_ClearFlag                          0x0800d179   Thumb Code    18  stm32f4xx_usart.o(i.USART_ClearFlag)
    USART_Cmd                                0x0800d18b   Thumb Code    24  stm32f4xx_usart.o(i.USART_Cmd)
    USART_Config                             0x0800d1a5   Thumb Code  1746  usart.o(i.USART_Config)
    USART_DMACmd                             0x0800d8a1   Thumb Code    18  stm32f4xx_usart.o(i.USART_DMACmd)
    USART_GetByte                            0x0800d8b3   Thumb Code    30  usart.o(i.USART_GetByte)
    USART_GetFlagStatus                      0x0800d8d1   Thumb Code    26  stm32f4xx_usart.o(i.USART_GetFlagStatus)
    USART_GetITStatus                        0x0800d8eb   Thumb Code    84  stm32f4xx_usart.o(i.USART_GetITStatus)
    USART_ITConfig                           0x0800d93f   Thumb Code    74  stm32f4xx_usart.o(i.USART_ITConfig)
    USART_Init                               0x0800d989   Thumb Code   204  stm32f4xx_usart.o(i.USART_Init)
    USART_ReceiveData                        0x0800da5d   Thumb Code    10  stm32f4xx_usart.o(i.USART_ReceiveData)
    USART_SendByte                           0x0800da67   Thumb Code    30  usart.o(i.USART_SendByte)
    USART_SendData                           0x0800da85   Thumb Code     8  stm32f4xx_usart.o(i.USART_SendData)
    UsageFault_Handler                       0x0800da8d   Thumb Code     4  stm32f4xx_it.o(i.UsageFault_Handler)
    Write_Database                           0x0800da91   Thumb Code   180  can_database.o(i.Write_Database)
    __0vsprintf                              0x0800db51   Thumb Code    30  printfa.o(i.__0vsprintf)
    __1vsprintf                              0x0800db51   Thumb Code     0  printfa.o(i.__0vsprintf)
    __2vsprintf                              0x0800db51   Thumb Code     0  printfa.o(i.__0vsprintf)
    __c89vsprintf                            0x0800db51   Thumb Code     0  printfa.o(i.__0vsprintf)
    vsprintf                                 0x0800db51   Thumb Code     0  printfa.o(i.__0vsprintf)
    __ARM_fpclassify                         0x0800db75   Thumb Code    48  fpclassify.o(i.__ARM_fpclassify)
    __hardfp_atan                            0x0800dba9   Thumb Code   622  atan.o(i.__hardfp_atan)
    __hardfp_atan2                           0x0800de81   Thumb Code   432  atan2.o(i.__hardfp_atan2)
    __hardfp_cos                             0x0800e071   Thumb Code   180  cos.o(i.__hardfp_cos)
    __hardfp_fabs                            0x0800e139   Thumb Code    20  fabs.o(i.__hardfp_fabs)
    __hardfp_sin                             0x0800e151   Thumb Code   180  sin.o(i.__hardfp_sin)
    __hardfp_sqrt                            0x0800e219   Thumb Code   122  sqrt.o(i.__hardfp_sqrt)
    __ieee754_rem_pio2                       0x0800e299   Thumb Code   938  rred.o(i.__ieee754_rem_pio2)
    __kernel_cos                             0x0800e6d1   Thumb Code   322  cos_i.o(i.__kernel_cos)
    __kernel_poly                            0x0800e841   Thumb Code   248  poly.o(i.__kernel_poly)
    __kernel_sin                             0x0800e939   Thumb Code   280  sin_i.o(i.__kernel_sin)
    __mathlib_dbl_infnan                     0x0800ea69   Thumb Code    20  dunder.o(i.__mathlib_dbl_infnan)
    __mathlib_dbl_infnan2                    0x0800ea7d   Thumb Code    20  dunder.o(i.__mathlib_dbl_infnan2)
    __mathlib_dbl_invalid                    0x0800ea91   Thumb Code    24  dunder.o(i.__mathlib_dbl_invalid)
    __mathlib_dbl_underflow                  0x0800eab1   Thumb Code    24  dunder.o(i.__mathlib_dbl_underflow)
    __scatterload_copy                       0x0800ead1   Thumb Code    14  handlers.o(i.__scatterload_copy)
    __scatterload_null                       0x0800eadf   Thumb Code     2  handlers.o(i.__scatterload_null)
    __scatterload_zeroinit                   0x0800eae1   Thumb Code    14  handlers.o(i.__scatterload_zeroinit)
    __set_errno                              0x0800eaf1   Thumb Code     6  errno.o(i.__set_errno)
    abs_limit                                0x0800f3ed   Thumb Code    46  can_pid.o(i.abs_limit)
    atan                                     0x0800f41b   Thumb Code    16  atan.o(i.atan)
    delay_init                               0x0800f42d   Thumb Code    52  delay.o(i.delay_init)
    delay_ms                                 0x0800f469   Thumb Code    56  delay.o(i.delay_ms)
    delay_us                                 0x0800f4a1   Thumb Code    72  delay.o(i.delay_us)
    delay_xms                                0x0800f4ed   Thumb Code    72  delay.o(i.delay_xms)
    fabs                                     0x0800f539   Thumb Code    24  fabs.o(i.fabs)
    get_moto_chassis                         0x0800f551   Thumb Code   114  can_pid.o(i.get_moto_chassis)
    get_total_angle                          0x0800f5cd   Thumb Code    94  can_pid.o(i.get_total_angle)
    keyScan                                  0x0800f62d   Thumb Code   138  touch.o(i.keyScan)
    main                                     0x0800f6c9   Thumb Code   178  main.o(i.main)
    process_All                              0x0800f7a1   Thumb Code 11482  m_process.o(i.process_All)
    process_Auto                             0x080124ad   Thumb Code  9120  m_process.o(i.process_Auto)
    process_Auto_RGB                         0x08014885   Thumb Code   174  m_process.o(i.process_Auto_RGB)
    process_CCD_Auto                         0x08014961   Thumb Code 12784  m_process.o(i.process_CCD_Auto)
    process_CCD_Auto_RGB                     0x08017b79   Thumb Code   204  m_process.o(i.process_CCD_Auto_RGB)
    process_Camera                           0x08017c7d   Thumb Code   660  m_process.o(i.process_Camera)
    process_Line                             0x08017fcd   Thumb Code  1780  m_process.o(i.process_Line)
    process_Line_Point                       0x080186d5   Thumb Code  1606  m_process.o(i.process_Line_Point)
    process_Point_Test                       0x08018d41   Thumb Code   354  m_process.o(i.process_Point_Test)
    process_QR_Code                          0x08018ec1   Thumb Code   458  m_process.o(i.process_QR_Code)
    process_Servo                            0x08019145   Thumb Code   684  m_process.o(i.process_Servo)
    process_Show_QR_Code                     0x08019455   Thumb Code   306  m_process.o(i.process_Show_QR_Code)
    process_Test                             0x080195a5   Thumb Code   794  m_process.o(i.process_Test)
    route_Handle                             0x08019961   Thumb Code   584  m_route.o(i.route_Handle)
    route_Keep                               0x08019bfd   Thumb Code  1428  m_route.o(i.route_Keep)
    route_Line                               0x0801a1b1   Thumb Code  1658  m_route.o(i.route_Line)
    set_moto_current                         0x0801a859   Thumb Code    50  can_pid.o(i.set_moto_current)
    set_motor_voltage                        0x0801a891   Thumb Code    50  can_pid.o(i.set_motor_voltage)
    sys_CCD                                  0x0801a8c9   Thumb Code  3066  m_sys.o(i.sys_CCD)
    sys_Camera                               0x0801b4d9   Thumb Code   660  m_sys.o(i.sys_Camera)
    sys_Encoder                              0x0801b829   Thumb Code   274  m_sys.o(i.sys_Encoder)
    sys_GPS                                  0x0801b971   Thumb Code   910  m_sys.o(i.sys_GPS)
    sys_Mecanum                              0x0801bd95   Thumb Code  2040  m_sys.o(i.sys_Mecanum)
    sys_PanTilt                              0x0801c5c5   Thumb Code   370  m_sys.o(i.sys_PanTilt)
    sys_QR_Code                              0x0801c7c9   Thumb Code   522  m_sys.o(i.sys_QR_Code)
    sys_Servo                                0x0801cac5   Thumb Code  1730  m_sys.o(i.sys_Servo)
    asc2_1206                                0x0801d1b0   Data        1140  font.o(.constdata)
    asc2_1608                                0x0801d624   Data        1520  font.o(.constdata)
    asc2_2412                                0x0801dc14   Data        3420  font.o(.constdata)
    asc2_4824                                0x0801e970   Data         432  font.o(.constdata)
    TP_REMIND_MSG_TBL                        0x0801eb20   Data           4  touch.o(.constdata)
    __mathlib_zero                           0x0801ec48   Data           8  qnan.o(.constdata)
    Region$$Table$$Base                      0x0801eefc   Number         0  anon$$obj.o(Region$$Table)
    Region$$Table$$Limit                     0x0801ef1c   Number         0  anon$$obj.o(Region$$Table)
    SystemCoreClock                          0x20000000   Data           4  system_stm32f4xx.o(.data)
    AHBPrescTable                            0x20000004   Data          16  system_stm32f4xx.o(.data)
    SW_Start_Flag                            0x20000014   Data           1  exti.o(.data)
    pwm_structs                              0x20000018   Data          96  motor.o(.data)
    Servo_Duty                               0x20000078   Data           4  servo.o(.data)
    Servo_Intense_Index                      0x2000007c   Data           1  servo.o(.data)
    TIM12_OVERFLOW_CNT                       0x20000080   Data           4  timer.o(.data)
    Is_USART_Key_Receive                     0x200000a0   Data           1  usart.o(.data)
    Key_RxBuffer                             0x200000c0   Data           1  usart.o(.data)
    Camera_RxBuffer                          0x200000e0   Data           4  usart.o(.data)
    WIFI_RxBuffer                            0x20000100   Data           7  usart.o(.data)
    QR_Code_TxBuffer                         0x20000107   Data           9  usart.o(.data)
    PanTilt_RxBuffer                         0x20000120   Data           8  usart.o(.data)
    WIFI_RxBuffer_Idx                        0x20000128   Data           1  usart.o(.data)
    Handle_Key_Value                         0x2000012a   Data           2  handle.o(.data)
    QR_Code_Res                              0x2000012c   Data           3  qr_code.o(.data)
    QR_Code_RX_Finish                        0x2000012f   Data           1  qr_code.o(.data)
    WIFI_Res_1                               0x20000130   Data           3  qr_code.o(.data)
    WIFI_Res_2                               0x20000133   Data           3  qr_code.o(.data)
    WIFI_Res_CNT                             0x20000136   Data           1  qr_code.o(.data)
    WIFI_Start                               0x20000137   Data           1  qr_code.o(.data)
    WIFI_Finish                              0x20000138   Data           1  qr_code.o(.data)
    POINT_COLOR                              0x2000013a   Data           2  lcd.o(.data)
    BACK_COLOR                               0x2000013c   Data           2  lcd.o(.data)
    tp_dev                                   0x20000140   Data          52  touch.o(.data)
    CMD_RDX                                  0x20000174   Data           1  touch.o(.data)
    CMD_RDY                                  0x20000175   Data           1  touch.o(.data)
    use_touch_adj_data                       0x20000176   Data           1  touch.o(.data)
    keyValue                                 0x20000177   Data           1  touch.o(.data)
    TSL1401_State                            0x20000178   Data          80  ccd.o(.data)
    TSL1401_Mode                             0x200001c8   Data           1  ccd.o(.data)
    TSL1401_Is_Find_ADC_Threshold            0x200001c9   Data           1  ccd.o(.data)
    TSL1401_cnt                              0x200001ca   Data           2  ccd.o(.data)
    TSL1401_Cal_Ready                        0x200001cc   Data           1  ccd.o(.data)
    ADC_ConvertedValue                       0x200001ce   Data           8  ccd.o(.data)
    TSL1401_ADC_Buffer_Idx                   0x200001d6   Data           1  ccd.o(.data)
    TSL1401_Hash_Table                       0x200001d7   Data           4  ccd.o(.data)
    Speed_X                                  0x200001e0   Data           8  mecanum.o(.data)
    Speed_Y                                  0x200001e8   Data           8  mecanum.o(.data)
    Speed_Rotation                           0x200001f0   Data           8  mecanum.o(.data)
    RPM_Limit                                0x200001f8   Data           8  mecanum.o(.data)
    Mec_FL                                   0x20000200   Data           2  mecanum.o(.data)
    Mec_FR                                   0x20000202   Data           2  mecanum.o(.data)
    Mec_BL                                   0x20000204   Data           2  mecanum.o(.data)
    Mec_BR                                   0x20000206   Data           2  mecanum.o(.data)
    Mec_wheel_r_FL                           0x20000208   Data           8  mecanum.o(.data)
    Mec_wheel_r_FR                           0x20000210   Data           8  mecanum.o(.data)
    Mec_wheel_r_BL                           0x20000218   Data           8  mecanum.o(.data)
    Mec_wheel_r_BR                           0x20000220   Data           8  mecanum.o(.data)
    Mec_Len_FL                               0x20000228   Data           8  mecanum.o(.data)
    Mec_Len_FR                               0x20000230   Data           8  mecanum.o(.data)
    Mec_Len_BL                               0x20000238   Data           8  mecanum.o(.data)
    Mec_Len_BR                               0x20000240   Data           8  mecanum.o(.data)
    Camera_Mode                              0x20000268   Data           1  camera.o(.data)
    Color_Hash_Table                         0x20000269   Data           3  camera.o(.data)
    Color_Res                                0x2000026c   Data           3  camera.o(.data)
    Is_Color_Finished                        0x2000026f   Data           1  camera.o(.data)
    Product_Calibration_Sign                 0x20000270   Data           1  camera.o(.data)
    Can_Data_Num                             0x20000278   Data           1  can_database.o(.data)
    CtrlCurrent                              0x20000280   Data           8  can_database.o(.data)
    CtrlVoltage                              0x20000288   Data           8  can_database.o(.data)
    Can_Database                             0x20000290   Data          80  can_database.o(.data)
    HASH_TABLE                               0x200002e0   Data        2000  can_database.o(.data)
    set_angle                                0x20000ab0   Data           8  can_pid.o(.data)
    Mode                                     0x20000ab8   Data          16  can_pid.o(.data)
    KeyBoard_State                           0x20000ac8   Data           1  m_func.o(.data)
    CurrentMenu                              0x20000acc   Data           4  m_list.o(.data)
    MainMenu                                 0x20000ad0   Data         160  m_list.o(.data)
    M_System                                 0x20000b70   Data         160  m_list.o(.data)
    M_Route                                  0x20000c10   Data         160  m_list.o(.data)
    M_Process                                0x20000cb0   Data         160  m_list.o(.data)
    QR_Code_Point                            0x20000d50   Data         112  m_process.o(.data)
    Original_Point                           0x20000dc0   Data          56  m_process.o(.data)
    Color_Check_Point                        0x20000df8   Data          56  m_process.o(.data)
    Product_Point_Camera                     0x20000e30   Data           2  m_process.o(.data)
    Camera_Pixel_To_Distance                 0x20000e38   Data          16  m_process.o(.data)
    Working_Point_Index                      0x20000e48   Data           3  m_process.o(.data)
    Product_Point_Index                      0x20000e4b   Data           3  m_process.o(.data)
    process_GPS_Offset                       0x20000e50   Data          64  m_process.o(.data)
    Stock_Point_Middle                       0x20000e90   Data          56  m_process.o(.data)
    Stock_Point_Grab_Offset                  0x20000ec8   Data          56  m_process.o(.data)
    Stock_Point_Leave_Offset                 0x20000f00   Data          56  m_process.o(.data)
    Working_Point_Drop_Middle                0x20000f38   Data          56  m_process.o(.data)
    Working_Point_Drop_Leave_Offset          0x20000f70   Data          56  m_process.o(.data)
    Working_Point_Take_Middle                0x20000fa8   Data          56  m_process.o(.data)
    Working_Point_Take_Grab_Offset           0x20000fe0   Data          56  m_process.o(.data)
    Product_Point_Middle                     0x20001018   Data          56  m_process.o(.data)
    Product_Point_Leave_Offset               0x20001050   Data          56  m_process.o(.data)
    Stock_Point_Offset_Slow                  0x20001088   Data         168  m_process.o(.data)
    Stock_Point_Offset_Fast                  0x20001130   Data         168  m_process.o(.data)
    Working_Point_Drop_Offset_Slow           0x200011d8   Data         168  m_process.o(.data)
    Working_Point_Drop_Offset_Fast           0x20001280   Data         168  m_process.o(.data)
    Working_Point_Take_Offset_Slow           0x20001328   Data         168  m_process.o(.data)
    Working_Point_Take_Offset_Fast           0x200013d0   Data         168  m_process.o(.data)
    Product_Point_Offset_Slow                0x20001478   Data         168  m_process.o(.data)
    Product_Point_Offset_Fast                0x20001520   Data         168  m_process.o(.data)
    CCD_Adjustment                           0x200015c8   Data          56  m_process.o(.data)
    Stock_Point_CCD_Middle_Slow              0x20001600   Data          56  m_process.o(.data)
    Stock_Point_CCD_Middle_Fast              0x20001638   Data          56  m_process.o(.data)
    Stock_Point_CCD_Middle_Offset            0x20001670   Data         168  m_process.o(.data)
    Stock_Point_CCD_Grab_Offset              0x20001718   Data          56  m_process.o(.data)
    Stock_Point_CCD_Leave_Offset             0x20001750   Data          56  m_process.o(.data)
    Stock_Point_CCD_Line                     0x20001788   Data         216  m_process.o(.data)
    Working_Point_Drop_CCD_Middle_Slow       0x20001860   Data          56  m_process.o(.data)
    Working_Point_Drop_CCD_Middle_Fast       0x20001898   Data          56  m_process.o(.data)
    Working_Point_Drop_CCD_Middle_Offset     0x200018d0   Data         168  m_process.o(.data)
    Working_Point_Drop_CCD_Leave_Offset      0x20001978   Data          56  m_process.o(.data)
    Working_Point_Drop_CCD_Line              0x200019b0   Data         216  m_process.o(.data)
    Working_Point_Take_CCD_Slow              0x20001a88   Data         168  m_process.o(.data)
    Working_Point_Take_CCD_Fast              0x20001b30   Data         168  m_process.o(.data)
    Working_Point_Take_CCD_Grab_Offset       0x20001bd8   Data          56  m_process.o(.data)
    Product_Point_CCD_Middle_Slow            0x20001c10   Data          56  m_process.o(.data)
    Product_Point_CCD_Middle_Fast            0x20001c48   Data          56  m_process.o(.data)
    Product_Point_CCD_Middle_Offset          0x20001c80   Data         168  m_process.o(.data)
    Product_Point_CCD_Leave_Offset           0x20001d28   Data          56  m_process.o(.data)
    Product_Point_CCD_Line                   0x20001d60   Data         216  m_process.o(.data)
    Trans                                    0x20001e38   Data          56  m_process.o(.data)
    Task_1_Take_Point                        0x20001e70   Data         224  m_process.o(.data)
    Center_Point                             0x20001f50   Data          56  m_process.o(.data)
    Start_Point                              0x20001f88   Data          56  m_process.o(.data)
    Aim_Radian                               0x20001fc0   Data           8  goline.o(.data)
    Speed_Sta                                0x20001fc8   Data           8  goline.o(.data)
    Speed_End                                0x20001fd0   Data           8  goline.o(.data)
    Speed_Max                                0x20001fd8   Data           8  goline.o(.data)
    Line_Angle                               0x20001fe0   Data           8  goline.o(.data)
    Line_Length                              0x20001fe8   Data           8  goline.o(.data)
    Acc_Dis                                  0x20001ff0   Data           8  goline.o(.data)
    Dec_Dis                                  0x20001ff8   Data           8  goline.o(.data)
    Acc_Dis_Rate                             0x20002000   Data           8  goline.o(.data)
    Dec_Dis_Rate                             0x20002008   Data           8  goline.o(.data)
    Acc                                      0x20002010   Data           8  goline.o(.data)
    Dec                                      0x20002018   Data           8  goline.o(.data)
    Rotation_Dir                             0x20002020   Data           1  goline.o(.data)
    PID_List_Index                           0x20002021   Data           1  goline.o(.data)
    Aim_Keep_Radian                          0x20002028   Data           8  keep.o(.data)
    Speed_Keep_Max                           0x20002030   Data           8  keep.o(.data)
    Speed_Rotation_Max                       0x20002038   Data           8  keep.o(.data)
    Pid_List                                 0x20002040   Data         480  pid_1.o(.data)
    Handle_RxBuffer                          0x20002280   Data          12  usart.o(.bss)
    QR_Code_RxBuffer                         0x200022a0   Data          11  usart.o(.bss)
    GPS_RxBuffer                             0x200022c0   Data          20  usart.o(.bss)
    GPS_TxBuffer                             0x200022e0   Data           9  usart.o(.bss)
    PanTilt_TxBuffer                         0x20002300   Data          18  usart.o(.bss)
    GPS_List                                 0x20002318   Data          64  gps.o(.bss)
    GPS_Offset                               0x20002358   Data          32  gps.o(.bss)
    lcddev                                   0x20002378   Data          14  lcd.o(.bss)
    TSL1401_ADC_Buffer                       0x20002386   Data        1024  ccd.o(.bss)
    Motor2Stm                                0x20002788   Data          32  can_database.o(.bss)
    moto_chassis                             0x200027a8   Data         224  can_pid.o(.bss)
    set_spd                                  0x20002888   Data          16  can_pid.o(.bss)
    set_loc                                  0x20002898   Data          32  can_pid.o(.bss)
    pid_spd                                  0x200028b8   Data         432  can_pid.o(.bss)
    pid_loc                                  0x20002a68   Data         432  can_pid.o(.bss)
    Aim_Line_Point                           0x20002c18   Data          56  goline.o(.bss)
    Sta_Point                                0x20002c50   Data          16  goline.o(.bss)
    End_Point                                0x20002c60   Data          16  goline.o(.bss)
    Aim_Keep_Point                           0x20002c70   Data          16  keep.o(.bss)
    Vout                                     0x20002c80   Data          40  pid_1.o(.bss)
    __initial_sp                             0x200030a8   Data           0  startup_stm32f40_41xxx.o(STACK)



==============================================================================

Memory Map of the image

  Image Entry point : 0x08000189

  Load Region LR_IROM1 (Base: 0x08000000, Size: 0x0002118c, Max: 0x00100000, ABSOLUTE, COMPRESSED[0x0001f3a4])

    Execution Region ER_IROM1 (Exec base: 0x08000000, Load base: 0x08000000, Size: 0x0001ef1c, Max: 0x00100000, ABSOLUTE)

    Exec Addr    Load Addr    Size         Type   Attr      Idx    E Section Name        Object

    0x08000000   0x08000000   0x00000188   Data   RO         2339    RESET               startup_stm32f40_41xxx.o
    0x08000188   0x08000188   0x00000000   Code   RO         7128  * .ARM.Collect$$$$00000000  mc_w.l(entry.o)
    0x08000188   0x08000188   0x00000004   Code   RO         7232    .ARM.Collect$$$$00000001  mc_w.l(entry2.o)
    0x0800018c   0x0800018c   0x00000004   Code   RO         7235    .ARM.Collect$$$$00000004  mc_w.l(entry5.o)
    0x08000190   0x08000190   0x00000000   Code   RO         7237    .ARM.Collect$$$$00000008  mc_w.l(entry7b.o)
    0x08000190   0x08000190   0x00000000   Code   RO         7239    .ARM.Collect$$$$0000000A  mc_w.l(entry8b.o)
    0x08000190   0x08000190   0x00000008   Code   RO         7240    .ARM.Collect$$$$0000000B  mc_w.l(entry9a.o)
    0x08000198   0x08000198   0x00000000   Code   RO         7242    .ARM.Collect$$$$0000000D  mc_w.l(entry10a.o)
    0x08000198   0x08000198   0x00000000   Code   RO         7244    .ARM.Collect$$$$0000000F  mc_w.l(entry11a.o)
    0x08000198   0x08000198   0x00000004   Code   RO         7233    .ARM.Collect$$$$00002712  mc_w.l(entry2.o)
    0x0800019c   0x0800019c   0x00000024   Code   RO         2340    .text               startup_stm32f40_41xxx.o
    0x080001c0   0x080001c0   0x00000024   Code   RO         7131    .text               mc_w.l(memcpya.o)
    0x080001e4   0x080001e4   0x00000024   Code   RO         7133    .text               mc_w.l(memseta.o)
    0x08000208   0x08000208   0x0000014e   Code   RO         7165    .text               mf_w.l(dadd.o)
    0x08000356   0x08000356   0x000000e4   Code   RO         7167    .text               mf_w.l(dmul.o)
    0x0800043a   0x0800043a   0x000000de   Code   RO         7169    .text               mf_w.l(ddiv.o)
    0x08000518   0x08000518   0x0000002c   Code   RO         7173    .text               mf_w.l(ffltl.o)
    0x08000544   0x08000544   0x00000022   Code   RO         7175    .text               mf_w.l(dflti.o)
    0x08000566   0x08000566   0x0000001a   Code   RO         7177    .text               mf_w.l(dfltui.o)
    0x08000580   0x08000580   0x00000032   Code   RO         7179    .text               mf_w.l(dfixui.o)
    0x080005b2   0x080005b2   0x00000026   Code   RO         7181    .text               mf_w.l(f2d.o)
    0x080005d8   0x080005d8   0x00000030   Code   RO         7183    .text               mf_w.l(cdcmple.o)
    0x08000608   0x08000608   0x00000030   Code   RO         7185    .text               mf_w.l(cdrcmple.o)
    0x08000638   0x08000638   0x00000038   Code   RO         7187    .text               mf_w.l(d2f.o)
    0x08000670   0x08000670   0x0000002c   Code   RO         7247    .text               mc_w.l(uidiv.o)
    0x0800069c   0x0800069c   0x00000062   Code   RO         7249    .text               mc_w.l(uldiv.o)
    0x080006fe   0x080006fe   0x0000001e   Code   RO         7251    .text               mc_w.l(llshl.o)
    0x0800071c   0x0800071c   0x00000020   Code   RO         7253    .text               mc_w.l(llushr.o)
    0x0800073c   0x0800073c   0x00000024   Code   RO         7255    .text               mc_w.l(llsshr.o)
    0x08000760   0x08000760   0x00000000   Code   RO         7264    .text               mc_w.l(iusefp.o)
    0x08000760   0x08000760   0x0000006e   Code   RO         7265    .text               mf_w.l(fepilogue.o)
    0x080007ce   0x080007ce   0x000000ba   Code   RO         7267    .text               mf_w.l(depilogue.o)
    0x08000888   0x08000888   0x000000a2   Code   RO         7269    .text               mf_w.l(dsqrt.o)
    0x0800092a   0x0800092a   0x00000030   Code   RO         7271    .text               mf_w.l(dfixul.o)
    0x0800095a   0x0800095a   0x00000002   PAD
    0x0800095c   0x0800095c   0x00000024   Code   RO         7277    .text               mc_w.l(init.o)
    0x08000980   0x08000980   0x0000003e   Code   RO         7279    .text               mf_w.l(dfixi.o)
    0x080009be   0x080009be   0x00000056   Code   RO         7289    .text               mc_w.l(__dczerorl2.o)
    0x08000a14   0x08000a14   0x0000000a   Code   RO         2423    i.ADC_SoftwareStartConv  stm32f4xx_adc.o
    0x08000a1e   0x08000a1e   0x00000002   PAD
    0x08000a20   0x08000a20   0x000001cc   Code   RO         2236    i.AnglePID          pid_1.o
    0x08000bec   0x08000bec   0x00000004   Code   RO          276    i.BusFault_Handler  stm32f4xx_it.o
    0x08000bf0   0x08000bf0   0x00000060   Code   RO         1566    i.CAN2_RX0_IRQHandler  can.o
    0x08000c50   0x08000c50   0x00000060   Code   RO         1567    i.CAN2_RX1_IRQHandler  can.o
    0x08000cb0   0x08000cb0   0x00000068   Code   RO         1568    i.CAN_CAN_Config    can.o
    0x08000d18   0x08000d18   0x00000038   Code   RO         2636    i.CAN_DeInit        stm32f4xx_can.o
    0x08000d50   0x08000d50   0x00000108   Code   RO         2638    i.CAN_FilterInit    stm32f4xx_can.o
    0x08000e58   0x08000e58   0x00000012   Code   RO         2644    i.CAN_ITConfig      stm32f4xx_can.o
    0x08000e6a   0x08000e6a   0x00000114   Code   RO         2645    i.CAN_Init          stm32f4xx_can.o
    0x08000f7e   0x08000f7e   0x000000f0   Code   RO         2648    i.CAN_Receive       stm32f4xx_can.o
    0x0800106e   0x0800106e   0x00000002   PAD
    0x08001070   0x08001070   0x00000034   Code   RO         2649    i.CAN_SlaveStartBank  stm32f4xx_can.o
    0x080010a4   0x080010a4   0x00000126   Code   RO         2653    i.CAN_Transmit      stm32f4xx_can.o
    0x080011ca   0x080011ca   0x0000001c   Code   RO         1569    i.CANx_Init         can.o
    0x080011e6   0x080011e6   0x00000002   PAD
    0x080011e8   0x080011e8   0x000000b0   Code   RO         1540    i.Camera_Set_Mode   camera.o
    0x08001298   0x08001298   0x00000388   Code   RO         1570    i.Can_FILTER_Config  can.o
    0x08001620   0x08001620   0x00000044   Code   RO         1571    i.Can_GPIO_Config   can.o
    0x08001664   0x08001664   0x0000001c   Code   RO         1572    i.Can_IT_Config     can.o
    0x08001680   0x08001680   0x00000034   Code   RO         1573    i.Can_NVIC_Config   can.o
    0x080016b4   0x080016b4   0x00000028   Code   RO         1574    i.Can_SendData      can.o
    0x080016dc   0x080016dc   0x00000050   Code   RO          760    i.DMA1_Stream1_IRQHandler  usart.o
    0x0800172c   0x0800172c   0x000000fc   Code   RO          761    i.DMA1_Stream2_IRQHandler  usart.o
    0x08001828   0x08001828   0x00000028   Code   RO          762    i.DMA1_Stream3_IRQHandler  usart.o
    0x08001850   0x08001850   0x00000028   Code   RO          763    i.DMA1_Stream4_IRQHandler  usart.o
    0x08001878   0x08001878   0x00000074   Code   RO         1363    i.DMA2_Stream0_IRQHandler  ccd.o
    0x080018ec   0x080018ec   0x00000020   Code   RO          764    i.DMA2_Stream2_IRQHandler  usart.o
    0x0800190c   0x0800190c   0x00000028   Code   RO          765    i.DMA2_Stream6_IRQHandler  usart.o
    0x08001934   0x08001934   0x00000034   Code   RO         3465    i.DMA_ClearITPendingBit  stm32f4xx_dma.o
    0x08001968   0x08001968   0x00000016   Code   RO         3466    i.DMA_Cmd           stm32f4xx_dma.o
    0x0800197e   0x0800197e   0x00000008   Code   RO         3472    i.DMA_GetCurrDataCounter  stm32f4xx_dma.o
    0x08001986   0x08001986   0x00000002   PAD
    0x08001988   0x08001988   0x00000064   Code   RO         3476    i.DMA_GetITStatus   stm32f4xx_dma.o
    0x080019ec   0x080019ec   0x0000003a   Code   RO         3477    i.DMA_ITConfig      stm32f4xx_dma.o
    0x08001a26   0x08001a26   0x00000002   PAD
    0x08001a28   0x08001a28   0x00000058   Code   RO         3478    i.DMA_Init          stm32f4xx_dma.o
    0x08001a80   0x08001a80   0x00000004   Code   RO         3481    i.DMA_SetCurrDataCounter  stm32f4xx_dma.o
    0x08001a84   0x08001a84   0x00000002   Code   RO          277    i.DebugMon_Handler  stm32f4xx_it.o
    0x08001a86   0x08001a86   0x00000002   PAD
    0x08001a88   0x08001a88   0x000001cc   Code   RO         2237    i.DistancePID       pid_1.o
    0x08001c54   0x08001c54   0x00000038   Code   RO          427    i.EXTI2_IRQHandler  exti.o
    0x08001c8c   0x08001c8c   0x00000038   Code   RO          428    i.EXTI3_IRQHandler  exti.o
    0x08001cc4   0x08001cc4   0x00000038   Code   RO          429    i.EXTI4_IRQHandler  exti.o
    0x08001cfc   0x08001cfc   0x000000a8   Code   RO          430    i.EXTI9_5_IRQHandler  exti.o
    0x08001da4   0x08001da4   0x000000ee   Code   RO          431    i.EXTIX_Init        exti.o
    0x08001e92   0x08001e92   0x00000002   PAD
    0x08001e94   0x08001e94   0x0000000c   Code   RO         3593    i.EXTI_ClearITPendingBit  stm32f4xx_exti.o
    0x08001ea0   0x08001ea0   0x00000018   Code   RO         3597    i.EXTI_GetITStatus  stm32f4xx_exti.o
    0x08001eb8   0x08001eb8   0x00000094   Code   RO         3598    i.EXTI_Init         stm32f4xx_exti.o
    0x08001f4c   0x08001f4c   0x0000012c   Code   RO         1486    i.Encoder_Init_Convert  encoder.o
    0x08002078   0x08002078   0x000002bc   Code   RO         1487    i.Encoder_Init_Radius  encoder.o
    0x08002334   0x08002334   0x00000034   Code   RO         3948    i.FSMC_NORSRAMCmd   stm32f4xx_fsmc.o
    0x08002368   0x08002368   0x000000e6   Code   RO         3950    i.FSMC_NORSRAMInit  stm32f4xx_fsmc.o
    0x0800244e   0x0800244e   0x00000090   Code   RO         4069    i.GPIO_Init         stm32f4xx_gpio.o
    0x080024de   0x080024de   0x00000046   Code   RO         4070    i.GPIO_PinAFConfig  stm32f4xx_gpio.o
    0x08002524   0x08002524   0x00000034   Code   RO          938    i.GPS_Clear         gps.o
    0x08002558   0x08002558   0x00000034   Code   RO          939    i.GPS_Gyro_Set_Zero  gps.o
    0x0800258c   0x0800258c   0x00000088   Code   RO          940    i.GPS_Init          gps.o
    0x08002614   0x08002614   0x00000108   Code   RO          766    i.GPS_USART_DMA_EN  usart.o
    0x0800271c   0x0800271c   0x00000022   Code   RO          477    i.GetAPBx           motor.o
    0x0800273e   0x0800273e   0x000001b8   Code   RO         2108    i.GetFoot_P2L       mymath.o
    0x080028f6   0x080028f6   0x000000fa   Code   RO         2110    i.GetFoot_P2L_PP    mymath.o
    0x080029f0   0x080029f0   0x000000f4   Code   RO         2111    i.GetLength         mymath.o
    0x08002ae4   0x08002ae4   0x00000084   Code   RO         2112    i.GetLineAngle      mymath.o
    0x08002b68   0x08002b68   0x00000026   Code   RO          478    i.Get_AF            motor.o
    0x08002b8e   0x08002b8e   0x00000002   PAD
    0x08002b90   0x08002b90   0x00000090   Code   RO          479    i.Get_TIMx          motor.o
    0x08002c20   0x08002c20   0x00000040   Code   RO          480    i.Get_TimRCC        motor.o
    0x08002c60   0x08002c60   0x00000038   Code   RO         1823    i.GoKeyNum          m_func.o
    0x08002c98   0x08002c98   0x00000870   Code   RO         2173    i.GoLine            goline.o
    0x08003508   0x08003508   0x00000004   Code   RO          278    i.HardFault_Handler  stm32f4xx_it.o
    0x0800350c   0x0800350c   0x0000004c   Code   RO         1684    i.Hash_Table_init   can_database.o
    0x08003558   0x08003558   0x00000408   Code   RO         1207    i.Input_DoubleValue  touch.o
    0x08003960   0x08003960   0x00000304   Code   RO         1209    i.Input_Int64Value  touch.o
    0x08003c64   0x08003c64   0x000002c8   Code   RO         1210    i.Input_IntValue    touch.o
    0x08003f2c   0x08003f2c   0x00000040   Code   RO         1520    i.KEY_Init          key.o
    0x08003f6c   0x08003f6c   0x0000033c   Code   RO         2206    i.Keep              keep.o
    0x080042a8   0x080042a8   0x000000ac   Code   RO         1824    i.KeyNumOperate     m_func.o
    0x08004354   0x08004354   0x0000006c   Code   RO          977    i.LCD_Clear         lcd.o
    0x080043c0   0x080043c0   0x000001c0   Code   RO          981    i.LCD_Display_Dir   lcd.o
    0x08004580   0x08004580   0x000000b0   Code   RO          982    i.LCD_DrawLine      lcd.o
    0x08004630   0x08004630   0x00000024   Code   RO          983    i.LCD_DrawPoint     lcd.o
    0x08004654   0x08004654   0x0000003c   Code   RO          984    i.LCD_DrawRectangle  lcd.o
    0x08004690   0x08004690   0x00000098   Code   RO          985    i.LCD_Draw_Circle   lcd.o
    0x08004728   0x08004728   0x00000180   Code   RO          986    i.LCD_Fast_DrawPoint  lcd.o
    0x080048a8   0x080048a8   0x000000b8   Code   RO          987    i.LCD_Fill          lcd.o
    0x08004960   0x08004960   0x00003988   Code   RO          988    i.LCD_Init          lcd.o
    0x080082e8   0x080082e8   0x00000016   Code   RO          989    i.LCD_Pow           lcd.o
    0x080082fe   0x080082fe   0x00000002   PAD
    0x08008300   0x08008300   0x00000014   Code   RO          990    i.LCD_RD_DATA       lcd.o
    0x08008314   0x08008314   0x00000016   Code   RO          992    i.LCD_ReadReg       lcd.o
    0x0800832a   0x0800832a   0x00000002   PAD
    0x0800832c   0x0800832c   0x00000020   Code   RO          993    i.LCD_Reset         lcd.o
    0x0800834c   0x0800834c   0x00000060   Code   RO          994    i.LCD_SSD_BackLightSet  lcd.o
    0x080083ac   0x080083ac   0x000002ec   Code   RO          995    i.LCD_Scan_Dir      lcd.o
    0x08008698   0x08008698   0x000001a8   Code   RO          996    i.LCD_SetCursor     lcd.o
    0x08008840   0x08008840   0x00000128   Code   RO          998    i.LCD_ShowChar      lcd.o
    0x08008968   0x08008968   0x00000094   Code   RO          999    i.LCD_ShowNum       lcd.o
    0x080089fc   0x080089fc   0x00000066   Code   RO         1000    i.LCD_ShowString    lcd.o
    0x08008a62   0x08008a62   0x00000002   PAD
    0x08008a64   0x08008a64   0x00000018   Code   RO         1002    i.LCD_WR_DATA       lcd.o
    0x08008a7c   0x08008a7c   0x00000018   Code   RO         1003    i.LCD_WR_REG        lcd.o
    0x08008a94   0x08008a94   0x00000014   Code   RO         1005    i.LCD_WriteRAM_Prepare  lcd.o
    0x08008aa8   0x08008aa8   0x00000014   Code   RO         1006    i.LCD_WriteReg      lcd.o
    0x08008abc   0x08008abc   0x0000003c   Code   RO         1007    i.LCD_printf        lcd.o
    0x08008af8   0x08008af8   0x00000068   Code   RO          381    i.LED_Init          led.o
    0x08008b60   0x08008b60   0x0000009c   Code   RO         2113    i.MaxFour           mymath.o
    0x08008bfc   0x08008bfc   0x00000004   Code   RO          279    i.MemManage_Handler  stm32f4xx_it.o
    0x08008c00   0x08008c00   0x00000298   Code   RO          481    i.Motor_Get_Rotation_Speed  motor.o
    0x08008e98   0x08008e98   0x00000040   Code   RO          482    i.Motor_Set_Enabled  motor.o
    0x08008ed8   0x08008ed8   0x00000374   Code   RO          483    i.Motor_Set_Rotation_Speed  motor.o
    0x0800924c   0x0800924c   0x00000002   Code   RO          280    i.NMI_Handler       stm32f4xx_it.o
    0x0800924e   0x0800924e   0x00000002   PAD
    0x08009250   0x08009250   0x00000078   Code   RO         2346    i.NVIC_Init         misc.o
    0x080092c8   0x080092c8   0x00000014   Code   RO         2347    i.NVIC_PriorityGroupConfig  misc.o
    0x080092dc   0x080092dc   0x0000000a   Code   RO         1718    i.PID_01            can_pid.o
    0x080092e6   0x080092e6   0x0000000a   Code   RO         1719    i.PID_02            can_pid.o
    0x080092f0   0x080092f0   0x000000c8   Code   RO         2239    i.PID_Clear         pid_1.o
    0x080093b8   0x080093b8   0x000000f6   Code   RO         1722    i.PID_DJI           can_pid.o
    0x080094ae   0x080094ae   0x00000002   PAD
    0x080094b0   0x080094b0   0x00000148   Code   RO         1723    i.PID_DJI_Handler   can_pid.o
    0x080095f8   0x080095f8   0x0000008c   Code   RO         1724    i.PID_Init          can_pid.o
    0x08009684   0x08009684   0x00000048   Code   RO         1725    i.PID_struct_init   can_pid.o
    0x080096cc   0x080096cc   0x00000080   Code   RO          484    i.PWM_CLK_Init      motor.o
    0x0800974c   0x0800974c   0x00000090   Code   RO          485    i.PWM_DIR_Init      motor.o
    0x080097dc   0x080097dc   0x00000060   Code   RO          486    i.PWM_GPIO_Init     motor.o
    0x0800983c   0x0800983c   0x00000040   Code   RO          487    i.PWM_Init          motor.o
    0x0800987c   0x0800987c   0x000000f4   Code   RO          488    i.PWM_OCInit        motor.o
    0x08009970   0x08009970   0x00000002   Code   RO          281    i.PendSV_Handler    stm32f4xx_it.o
    0x08009972   0x08009972   0x00000002   PAD
    0x08009974   0x08009974   0x00000020   Code   RO         4933    i.RCC_AHB1PeriphClockCmd  stm32f4xx_rcc.o
    0x08009994   0x08009994   0x00000020   Code   RO         4939    i.RCC_AHB3PeriphClockCmd  stm32f4xx_rcc.o
    0x080099b4   0x080099b4   0x00000020   Code   RO         4942    i.RCC_APB1PeriphClockCmd  stm32f4xx_rcc.o
    0x080099d4   0x080099d4   0x00000020   Code   RO         4944    i.RCC_APB1PeriphResetCmd  stm32f4xx_rcc.o
    0x080099f4   0x080099f4   0x00000020   Code   RO         4945    i.RCC_APB2PeriphClockCmd  stm32f4xx_rcc.o
    0x08009a14   0x08009a14   0x000000e8   Code   RO         4954    i.RCC_GetClocksFreq  stm32f4xx_rcc.o
    0x08009afc   0x08009afc   0x00000138   Code   RO         1990    i.Return_Any_Point  m_process.o
    0x08009c34   0x08009c34   0x00000002   Code   RO          282    i.SVC_Handler       stm32f4xx_it.o
    0x08009c36   0x08009c36   0x00000002   PAD
    0x08009c38   0x08009c38   0x00000040   Code   RO         6211    i.SYSCFG_EXTILineConfig  stm32f4xx_syscfg.o
    0x08009c78   0x08009c78   0x00000020   Code   RO          576    i.Servo_Original_Point_Bend  servo.o
    0x08009c98   0x08009c98   0x00000050   Code   RO          577    i.Servo_PWM_SetDuty  servo.o
    0x08009ce8   0x08009ce8   0x00000020   Code   RO          578    i.Servo_Product_Point_Bend  servo.o
    0x08009d08   0x08009d08   0x00000020   Code   RO          579    i.Servo_Product_Point_Grab_Off_Down_Panpilt_Straight  servo.o
    0x08009d28   0x08009d28   0x00000044   Code   RO          580    i.Servo_Product_Point_Grab_On_Down_Panpilt_Straight  servo.o
    0x08009d6c   0x08009d6c   0x00000044   Code   RO          581    i.Servo_Product_Point_Grab_On_Middle_Panpilt_Skew  servo.o
    0x08009db0   0x08009db0   0x00000044   Code   RO          582    i.Servo_Product_Point_Grab_On_Middle_Panpilt_Straight  servo.o
    0x08009df4   0x08009df4   0x00000020   Code   RO          583    i.Servo_QR_Code_Stretch  servo.o
    0x08009e14   0x08009e14   0x00000020   Code   RO          584    i.Servo_Stock_Point_Grab_Off_Panpilt_Skew  servo.o
    0x08009e34   0x08009e34   0x00000020   Code   RO          585    i.Servo_Stock_Point_Grab_Off_Panpilt_Straight  servo.o
    0x08009e54   0x08009e54   0x0000003c   Code   RO          586    i.Servo_Stock_Point_Grab_On_Panpilt_Straight  servo.o
    0x08009e90   0x08009e90   0x0000003c   Code   RO          587    i.Servo_Stock_Point_Grab_On_Panpilt_Straight_Lift  servo.o
    0x08009ecc   0x08009ecc   0x00000020   Code   RO          588    i.Servo_Working_Point_Grab_Off_Down_Panpilt_Straight  servo.o
    0x08009eec   0x08009eec   0x00000020   Code   RO          589    i.Servo_Working_Point_Grab_Off_High_Panpilt_Straight  servo.o
    0x08009f0c   0x08009f0c   0x00000020   Code   RO          590    i.Servo_Working_Point_Grab_Off_Low_Panpilt_Straight  servo.o
    0x08009f2c   0x08009f2c   0x00000020   Code   RO          591    i.Servo_Working_Point_Grab_Off_Middle_Panpilt_Skew  servo.o
    0x08009f4c   0x08009f4c   0x00000044   Code   RO          593    i.Servo_Working_Point_Grab_On_Down_Panpilt_Straight  servo.o
    0x08009f90   0x08009f90   0x00000044   Code   RO          594    i.Servo_Working_Point_Grab_On_High_Panpilt_Skew  servo.o
    0x08009fd4   0x08009fd4   0x00000044   Code   RO          595    i.Servo_Working_Point_Grab_On_High_Panpilt_Straight  servo.o
    0x0800a018   0x0800a018   0x00000044   Code   RO          596    i.Servo_Working_Point_Grab_On_Low_Panpilt_Straight  servo.o
    0x0800a05c   0x0800a05c   0x00000044   Code   RO         2207    i.SetKeep           keep.o
    0x0800a0a0   0x0800a0a0   0x00000374   Code   RO         2174    i.SetLine           goline.o
    0x0800a414   0x0800a414   0x000005f8   Code   RO         1456    i.SetSpeed          mecanum.o
    0x0800aa0c   0x0800aa0c   0x000000ec   Code   RO          344    i.SetSysClock       system_stm32f4xx.o
    0x0800aaf8   0x0800aaf8   0x00000578   Code   RO         1825    i.Show_Keyboard     m_func.o
    0x0800b070   0x0800b070   0x00000080   Code   RO         1826    i.Show_Menu_List    m_func.o
    0x0800b0f0   0x0800b0f0   0x00000028   Code   RO         2350    i.SysTick_CLKSourceConfig  misc.o
    0x0800b118   0x0800b118   0x00000002   Code   RO          283    i.SysTick_Handler   stm32f4xx_it.o
    0x0800b11a   0x0800b11a   0x00000002   PAD
    0x0800b11c   0x0800b11c   0x00000068   Code   RO          346    i.SystemInit        system_stm32f4xx.o
    0x0800b184   0x0800b184   0x00000064   Code   RO          727    i.TIM12_Int_Init    timer.o
    0x0800b1e8   0x0800b1e8   0x00000124   Code   RO         1364    i.TIM3_IRQHandler   ccd.o
    0x0800b30c   0x0800b30c   0x0000002c   Code   RO          728    i.TIM8_BRK_TIM12_IRQHandler  timer.o
    0x0800b338   0x0800b338   0x00000018   Code   RO         6268    i.TIM_ARRPreloadConfig  stm32f4xx_tim.o
    0x0800b350   0x0800b350   0x00000006   Code   RO         6275    i.TIM_ClearITPendingBit  stm32f4xx_tim.o
    0x0800b356   0x0800b356   0x00000018   Code   RO         6280    i.TIM_Cmd           stm32f4xx_tim.o
    0x0800b36e   0x0800b36e   0x00000022   Code   RO         6301    i.TIM_GetITStatus   stm32f4xx_tim.o
    0x0800b390   0x0800b390   0x00000012   Code   RO         6305    i.TIM_ITConfig      stm32f4xx_tim.o
    0x0800b3a2   0x0800b3a2   0x00000002   PAD
    0x0800b3a4   0x0800b3a4   0x0000007c   Code   RO         6309    i.TIM_OC1Init       stm32f4xx_tim.o
    0x0800b420   0x0800b420   0x00000012   Code   RO         6312    i.TIM_OC1PreloadConfig  stm32f4xx_tim.o
    0x0800b432   0x0800b432   0x00000002   PAD
    0x0800b434   0x0800b434   0x000000a4   Code   RO         6314    i.TIM_OC2Init       stm32f4xx_tim.o
    0x0800b4d8   0x0800b4d8   0x0000001a   Code   RO         6317    i.TIM_OC2PreloadConfig  stm32f4xx_tim.o
    0x0800b4f2   0x0800b4f2   0x00000002   PAD
    0x0800b4f4   0x0800b4f4   0x000000a0   Code   RO         6319    i.TIM_OC3Init       stm32f4xx_tim.o
    0x0800b594   0x0800b594   0x00000012   Code   RO         6322    i.TIM_OC3PreloadConfig  stm32f4xx_tim.o
    0x0800b5a6   0x0800b5a6   0x00000002   PAD
    0x0800b5a8   0x0800b5a8   0x00000078   Code   RO         6324    i.TIM_OC4Init       stm32f4xx_tim.o
    0x0800b620   0x0800b620   0x0000001a   Code   RO         6326    i.TIM_OC4PreloadConfig  stm32f4xx_tim.o
    0x0800b63a   0x0800b63a   0x00000002   PAD
    0x0800b63c   0x0800b63c   0x00000084   Code   RO         6352    i.TIM_TimeBaseInit  stm32f4xx_tim.o
    0x0800b6c0   0x0800b6c0   0x000001a8   Code   RO         1211    i.TP_Adj_Info_Show  touch.o
    0x0800b868   0x0800b868   0x0000005c   Code   RO         1212    i.TP_Adj_Parameters_Set  touch.o
    0x0800b8c4   0x0800b8c4   0x00000104   Code   RO         1213    i.TP_Adj_Parameters_Show  touch.o
    0x0800b9c8   0x0800b9c8   0x000008f4   Code   RO         1214    i.TP_Adjust         touch.o
    0x0800c2bc   0x0800c2bc   0x00000070   Code   RO         1216    i.TP_Drow_Touch_Point  touch.o
    0x0800c32c   0x0800c32c   0x000000bc   Code   RO         1217    i.TP_Init           touch.o
    0x0800c3e8   0x0800c3e8   0x00000168   Code   RO         1218    i.TP_Keyboard_Judge  touch.o
    0x0800c550   0x0800c550   0x00000110   Code   RO         1219    i.TP_MainMenu_Judge  touch.o
    0x0800c660   0x0800c660   0x00000094   Code   RO         1220    i.TP_Read_AD        touch.o
    0x0800c6f4   0x0800c6f4   0x00000078   Code   RO         1221    i.TP_Read_XOY       touch.o
    0x0800c76c   0x0800c76c   0x00000030   Code   RO         1222    i.TP_Read_XY        touch.o
    0x0800c79c   0x0800c79c   0x000000c0   Code   RO         1223    i.TP_Read_XY2       touch.o
    0x0800c85c   0x0800c85c   0x000001b4   Code   RO         1224    i.TP_Row_Judge      touch.o
    0x0800ca10   0x0800ca10   0x000000fc   Code   RO         1225    i.TP_Scan           touch.o
    0x0800cb0c   0x0800cb0c   0x0000004c   Code   RO         1226    i.TP_Write_Byte     touch.o
    0x0800cb58   0x0800cb58   0x000002e0   Code   RO         1366    i.TSL1401_Edge_Detect  ccd.o
    0x0800ce38   0x0800ce38   0x000000f8   Code   RO         1367    i.TSL1401_Find_ADC_Max_Min_Threshold  ccd.o
    0x0800cf30   0x0800cf30   0x00000010   Code   RO         1371    i.TSL1401_Measure   ccd.o
    0x0800cf40   0x0800cf40   0x0000004c   Code   RO         1373    i.TSL1401_SetEnabled  ccd.o
    0x0800cf8c   0x0800cf8c   0x0000002c   Code   RO          768    i.USART1_IRQHandler  usart.o
    0x0800cfb8   0x0800cfb8   0x000001c0   Code   RO          769    i.USART2_IRQHandler  usart.o
    0x0800d178   0x0800d178   0x00000012   Code   RO         6826    i.USART_ClearFlag   stm32f4xx_usart.o
    0x0800d18a   0x0800d18a   0x00000018   Code   RO         6830    i.USART_Cmd         stm32f4xx_usart.o
    0x0800d1a2   0x0800d1a2   0x00000002   PAD
    0x0800d1a4   0x0800d1a4   0x000006fc   Code   RO          770    i.USART_Config      usart.o
    0x0800d8a0   0x0800d8a0   0x00000012   Code   RO         6831    i.USART_DMACmd      stm32f4xx_usart.o
    0x0800d8b2   0x0800d8b2   0x0000001e   Code   RO          771    i.USART_GetByte     usart.o
    0x0800d8d0   0x0800d8d0   0x0000001a   Code   RO         6833    i.USART_GetFlagStatus  stm32f4xx_usart.o
    0x0800d8ea   0x0800d8ea   0x00000054   Code   RO         6834    i.USART_GetITStatus  stm32f4xx_usart.o
    0x0800d93e   0x0800d93e   0x0000004a   Code   RO         6836    i.USART_ITConfig    stm32f4xx_usart.o
    0x0800d988   0x0800d988   0x000000d4   Code   RO         6837    i.USART_Init        stm32f4xx_usart.o
    0x0800da5c   0x0800da5c   0x0000000a   Code   RO         6844    i.USART_ReceiveData  stm32f4xx_usart.o
    0x0800da66   0x0800da66   0x0000001e   Code   RO          772    i.USART_SendByte    usart.o
    0x0800da84   0x0800da84   0x00000008   Code   RO         6847    i.USART_SendData    stm32f4xx_usart.o
    0x0800da8c   0x0800da8c   0x00000004   Code   RO          284    i.UsageFault_Handler  stm32f4xx_it.o
    0x0800da90   0x0800da90   0x000000c0   Code   RO         1685    i.Write_Database    can_database.o
    0x0800db50   0x0800db50   0x00000024   Code   RO         7144    i.__0vsprintf       mc_w.l(printfa.o)
    0x0800db74   0x0800db74   0x00000030   Code   RO         7273    i.__ARM_fpclassify  m_wm.l(fpclassify.o)
    0x0800dba4   0x0800dba4   0x00000004   PAD
    0x0800dba8   0x0800dba8   0x000002d8   Code   RO         7189    i.__hardfp_atan     m_wm.l(atan.o)
    0x0800de80   0x0800de80   0x000001f0   Code   RO         7074    i.__hardfp_atan2    m_wm.l(atan2.o)
    0x0800e070   0x0800e070   0x000000c8   Code   RO         7086    i.__hardfp_cos      m_wm.l(cos.o)
    0x0800e138   0x0800e138   0x00000014   Code   RO         7098    i.__hardfp_fabs     m_wm.l(fabs.o)
    0x0800e14c   0x0800e14c   0x00000004   PAD
    0x0800e150   0x0800e150   0x000000c8   Code   RO         7104    i.__hardfp_sin      m_wm.l(sin.o)
    0x0800e218   0x0800e218   0x0000007a   Code   RO         7116    i.__hardfp_sqrt     m_wm.l(sqrt.o)
    0x0800e292   0x0800e292   0x00000006   PAD
    0x0800e298   0x0800e298   0x00000438   Code   RO         7221    i.__ieee754_rem_pio2  m_wm.l(rred.o)
    0x0800e6d0   0x0800e6d0   0x00000170   Code   RO         7203    i.__kernel_cos      m_wm.l(cos_i.o)
    0x0800e840   0x0800e840   0x000000f8   Code   RO         7275    i.__kernel_poly     m_wm.l(poly.o)
    0x0800e938   0x0800e938   0x00000130   Code   RO         7226    i.__kernel_sin      m_wm.l(sin_i.o)
    0x0800ea68   0x0800ea68   0x00000014   Code   RO         7207    i.__mathlib_dbl_infnan  m_wm.l(dunder.o)
    0x0800ea7c   0x0800ea7c   0x00000014   Code   RO         7208    i.__mathlib_dbl_infnan2  m_wm.l(dunder.o)
    0x0800ea90   0x0800ea90   0x00000020   Code   RO         7209    i.__mathlib_dbl_invalid  m_wm.l(dunder.o)
    0x0800eab0   0x0800eab0   0x00000020   Code   RO         7212    i.__mathlib_dbl_underflow  m_wm.l(dunder.o)
    0x0800ead0   0x0800ead0   0x0000000e   Code   RO         7283    i.__scatterload_copy  mc_w.l(handlers.o)
    0x0800eade   0x0800eade   0x00000002   Code   RO         7284    i.__scatterload_null  mc_w.l(handlers.o)
    0x0800eae0   0x0800eae0   0x0000000e   Code   RO         7285    i.__scatterload_zeroinit  mc_w.l(handlers.o)
    0x0800eaee   0x0800eaee   0x00000002   PAD
    0x0800eaf0   0x0800eaf0   0x0000000c   Code   RO         7259    i.__set_errno       mc_w.l(errno.o)
    0x0800eafc   0x0800eafc   0x00000032   Code   RO         1575    i._can_senddata     can.o
    0x0800eb2e   0x0800eb2e   0x00000002   PAD
    0x0800eb30   0x0800eb30   0x00000184   Code   RO         7145    i._fp_digits        mc_w.l(printfa.o)
    0x0800ecb4   0x0800ecb4   0x000006dc   Code   RO         7146    i._printf_core      mc_w.l(printfa.o)
    0x0800f390   0x0800f390   0x00000024   Code   RO         7147    i._printf_post_padding  mc_w.l(printfa.o)
    0x0800f3b4   0x0800f3b4   0x0000002e   Code   RO         7148    i._printf_pre_padding  mc_w.l(printfa.o)
    0x0800f3e2   0x0800f3e2   0x0000000a   Code   RO         7150    i._sputc            mc_w.l(printfa.o)
    0x0800f3ec   0x0800f3ec   0x0000002e   Code   RO         1726    i.abs_limit         can_pid.o
    0x0800f41a   0x0800f41a   0x00000010   Code   RO         7191    i.atan              m_wm.l(atan.o)
    0x0800f42a   0x0800f42a   0x00000002   PAD
    0x0800f42c   0x0800f42c   0x0000003c   Code   RO         2281    i.delay_init        delay.o
    0x0800f468   0x0800f468   0x00000038   Code   RO         2282    i.delay_ms          delay.o
    0x0800f4a0   0x0800f4a0   0x0000004c   Code   RO         2283    i.delay_us          delay.o
    0x0800f4ec   0x0800f4ec   0x0000004c   Code   RO         2284    i.delay_xms         delay.o
    0x0800f538   0x0800f538   0x00000018   Code   RO         7100    i.fabs              m_wm.l(fabs.o)
    0x0800f550   0x0800f550   0x0000007c   Code   RO         1727    i.get_moto_chassis  can_pid.o
    0x0800f5cc   0x0800f5cc   0x0000005e   Code   RO         1728    i.get_total_angle   can_pid.o
    0x0800f62a   0x0800f62a   0x00000002   PAD
    0x0800f62c   0x0800f62c   0x0000009c   Code   RO         1227    i.keyScan           touch.o
    0x0800f6c8   0x0800f6c8   0x000000c4   Code   RO            3    i.main              main.o
    0x0800f78c   0x0800f78c   0x00000014   Code   RO         1729    i.pid_param_init    can_pid.o
    0x0800f7a0   0x0800f7a0   0x00002d0c   Code   RO         1992    i.process_All       m_process.o
    0x080124ac   0x080124ac   0x000023d8   Code   RO         1993    i.process_Auto      m_process.o
    0x08014884   0x08014884   0x000000dc   Code   RO         1994    i.process_Auto_RGB  m_process.o
    0x08014960   0x08014960   0x00003218   Code   RO         1995    i.process_CCD_Auto  m_process.o
    0x08017b78   0x08017b78   0x00000104   Code   RO         1996    i.process_CCD_Auto_RGB  m_process.o
    0x08017c7c   0x08017c7c   0x00000350   Code   RO         1997    i.process_Camera    m_process.o
    0x08017fcc   0x08017fcc   0x00000708   Code   RO         1998    i.process_Line      m_process.o
    0x080186d4   0x080186d4   0x0000066c   Code   RO         1999    i.process_Line_Point  m_process.o
    0x08018d40   0x08018d40   0x00000180   Code   RO         2000    i.process_Point_Test  m_process.o
    0x08018ec0   0x08018ec0   0x00000284   Code   RO         2001    i.process_QR_Code   m_process.o
    0x08019144   0x08019144   0x00000310   Code   RO         2002    i.process_Servo     m_process.o
    0x08019454   0x08019454   0x00000150   Code   RO         2003    i.process_Show_QR_Code  m_process.o
    0x080195a4   0x080195a4   0x000003bc   Code   RO         2004    i.process_Test      m_process.o
    0x08019960   0x08019960   0x0000029c   Code   RO         1892    i.route_Handle      m_route.o
    0x08019bfc   0x08019bfc   0x000005b4   Code   RO         1893    i.route_Keep        m_route.o
    0x0801a1b0   0x0801a1b0   0x000006a8   Code   RO         1894    i.route_Line        m_route.o
    0x0801a858   0x0801a858   0x00000038   Code   RO         1730    i.set_moto_current  can_pid.o
    0x0801a890   0x0801a890   0x00000038   Code   RO         1731    i.set_motor_voltage  can_pid.o
    0x0801a8c8   0x0801a8c8   0x00000c10   Code   RO         1925    i.sys_CCD           m_sys.o
    0x0801b4d8   0x0801b4d8   0x00000350   Code   RO         1926    i.sys_Camera        m_sys.o
    0x0801b828   0x0801b828   0x00000148   Code   RO         1927    i.sys_Encoder       m_sys.o
    0x0801b970   0x0801b970   0x00000424   Code   RO         1928    i.sys_GPS           m_sys.o
    0x0801bd94   0x0801bd94   0x00000830   Code   RO         1929    i.sys_Mecanum       m_sys.o
    0x0801c5c4   0x0801c5c4   0x00000204   Code   RO         1930    i.sys_PanTilt       m_sys.o
    0x0801c7c8   0x0801c7c8   0x000002fc   Code   RO         1931    i.sys_QR_Code       m_sys.o
    0x0801cac4   0x0801cac4   0x000006ec   Code   RO         1932    i.sys_Servo         m_sys.o
    0x0801d1b0   0x0801d1b0   0x00001970   Data   RO         1193    .constdata          font.o
    0x0801eb20   0x0801eb20   0x00000004   Data   RO         1228    .constdata          touch.o
    0x0801eb24   0x0801eb24   0x00000004   PAD
    0x0801eb28   0x0801eb28   0x00000038   Data   RO         1895    .constdata          m_route.o
    0x0801eb60   0x0801eb60   0x00000020   Data   RO         1933    .constdata          m_sys.o
    0x0801eb80   0x0801eb80   0x00000098   Data   RO         7192    .constdata          m_wm.l(atan.o)
    0x0801ec18   0x0801ec18   0x00000030   Data   RO         7204    .constdata          m_wm.l(cos_i.o)
    0x0801ec48   0x0801ec48   0x00000008   Data   RO         7220    .constdata          m_wm.l(qnan.o)
    0x0801ec50   0x0801ec50   0x000000c8   Data   RO         7223    .constdata          m_wm.l(rred.o)
    0x0801ed18   0x0801ed18   0x00000028   Data   RO         7227    .constdata          m_wm.l(sin_i.o)
    0x0801ed40   0x0801ed40   0x00000079   Data   RO         1229    .conststring        touch.o
    0x0801edb9   0x0801edb9   0x00000003   PAD
    0x0801edbc   0x0801edbc   0x000000d9   Data   RO         1871    .conststring        m_list.o
    0x0801ee95   0x0801ee95   0x00000003   PAD
    0x0801ee98   0x0801ee98   0x00000062   Data   RO         1934    .conststring        m_sys.o
    0x0801eefa   0x0801eefa   0x00000002   PAD
    0x0801eefc   0x0801eefc   0x00000020   Data   RO         7281    Region$$Table       anon$$obj.o


    Execution Region RW_IRAM1 (Exec base: 0x20000000, Load base: 0x0801ef1c, Size: 0x000030a8, Max: 0x00020000, ABSOLUTE, COMPRESSED[0x00000488])

    Exec Addr    Load Addr    Size         Type   Attr      Idx    E Section Name        Object

    0x20000000   COMPRESSED   0x00000014   Data   RW          347    .data               system_stm32f4xx.o
    0x20000014   COMPRESSED   0x00000001   Data   RW          432    .data               exti.o
    0x20000015   COMPRESSED   0x00000003   PAD
    0x20000018   COMPRESSED   0x00000060   Data   RW          490    .data               motor.o
    0x20000078   COMPRESSED   0x00000005   Data   RW          597    .data               servo.o
    0x2000007d   COMPRESSED   0x00000003   PAD
    0x20000080   COMPRESSED   0x00000004   Data   RW          729    .data               timer.o
    0x20000084   COMPRESSED   0x0000001c   PAD
    0x200000a0   COMPRESSED   0x00000089   Data   RW          777    .data               usart.o
    0x20000129   COMPRESSED   0x00000001   PAD
    0x2000012a   COMPRESSED   0x00000002   Data   RW          898    .data               handle.o
    0x2000012c   COMPRESSED   0x0000000d   Data   RW          918    .data               qr_code.o
    0x20000139   COMPRESSED   0x00000001   PAD
    0x2000013a   COMPRESSED   0x00000004   Data   RW         1010    .data               lcd.o
    0x2000013e   COMPRESSED   0x00000002   PAD
    0x20000140   COMPRESSED   0x00000038   Data   RW         1230    .data               touch.o
    0x20000178   COMPRESSED   0x00000063   Data   RW         1376    .data               ccd.o
    0x200001db   COMPRESSED   0x00000005   PAD
    0x200001e0   COMPRESSED   0x00000088   Data   RW         1457    .data               mecanum.o
    0x20000268   COMPRESSED   0x00000009   Data   RW         1541    .data               camera.o
    0x20000271   COMPRESSED   0x00000007   PAD
    0x20000278   COMPRESSED   0x00000838   Data   RW         1687    .data               can_database.o
    0x20000ab0   COMPRESSED   0x00000018   Data   RW         1733    .data               can_pid.o
    0x20000ac8   COMPRESSED   0x00000001   Data   RW         1827    .data               m_func.o
    0x20000ac9   COMPRESSED   0x00000003   PAD
    0x20000acc   COMPRESSED   0x00000284   Data   RW         1872    .data               m_list.o
    0x20000d50   COMPRESSED   0x00001270   Data   RW         2005    .data               m_process.o
    0x20001fc0   COMPRESSED   0x00000062   Data   RW         2176    .data               goline.o
    0x20002022   COMPRESSED   0x00000006   PAD
    0x20002028   COMPRESSED   0x00000018   Data   RW         2209    .data               keep.o
    0x20002040   COMPRESSED   0x00000218   Data   RW         2241    .data               pid_1.o
    0x20002258   COMPRESSED   0x00000004   Data   RW         2285    .data               delay.o
    0x2000225c   COMPRESSED   0x00000010   Data   RW         4986    .data               stm32f4xx_rcc.o
    0x2000226c   COMPRESSED   0x00000004   Data   RW         7260    .data               mc_w.l(errno.o)
    0x20002270   COMPRESSED   0x00000010   PAD
    0x20002280        -       0x00000092   Zero   RW          776    .bss                usart.o
    0x20002312   COMPRESSED   0x00000006   PAD
    0x20002318        -       0x00000060   Zero   RW          941    .bss                gps.o
    0x20002378        -       0x0000000e   Zero   RW         1009    .bss                lcd.o
    0x20002386        -       0x00000400   Zero   RW         1375    .bss                ccd.o
    0x20002786   COMPRESSED   0x00000002   PAD
    0x20002788        -       0x00000020   Zero   RW         1686    .bss                can_database.o
    0x200027a8        -       0x00000470   Zero   RW         1732    .bss                can_pid.o
    0x20002c18        -       0x00000058   Zero   RW         2175    .bss                goline.o
    0x20002c70        -       0x00000010   Zero   RW         2208    .bss                keep.o
    0x20002c80        -       0x00000028   Zero   RW         2240    .bss                pid_1.o
    0x20002ca8        -       0x00000400   Zero   RW         2337    STACK               startup_stm32f40_41xxx.o


==============================================================================

Image component sizes


      Code (inc. data)   RO Data    RW Data    ZI Data      Debug   Object Name

       176         36          0          9          0       1498   camera.o
      1466         58          0          0          0       7056   can.o
       268         26          0       2104         32       3838   can_database.o
      1202         80          0         24       1136       9849   can_pid.o
      1484        108          0         99       1024       5539   ccd.o
       268         16          0          4          0       2555   delay.o
      1000        168          0          0          0       1737   encoder.o
       574         38          0          1          0       3055   exti.o
         0          0       6512          0          0        826   font.o
      3044        246          0         98         88       3202   goline.o
       240         30          0          0         96       2433   gps.o
         0          0          0          2          0        243   handle.o
       896         86          0         24         16       2556   keep.o
        64          8          0          0          0        535   key.o
     18334        208          0          4         14      27602   lcd.o
       104         20          0          0          0     254167   led.o
      1756        166          0          1          0       3225   m_func.o
         0          0        217        644          0        866   m_list.o
     41720       4322          0       4720          0      29528   m_process.o
      3832        766         56          0          0       3361   m_route.o
     10472       1546        130          0          0       9241   m_sys.o
       196         18          0          0          0     302215   main.o
      1528        102          0        136          0       1902   mecanum.o
       180         24          0          0          0       2221   misc.o
      2568        276          0         96          0      11766   motor.o
      1222          0          0          0          0       4468   mymath.o
      1120        118          0        536         40       3013   pid_1.o
         0          0          0         13          0        918   qr_code.o
       996        142          0          5          0      12688   servo.o
        36          8        392          0       1024        836   startup_stm32f40_41xxx.o
        10          0          0          0          0       1804   stm32f4xx_adc.o
      1200         16          0          0          0       5706   stm32f4xx_can.o
       332         38          0          0          0       5772   stm32f4xx_dma.o
       184         16          0          0          0       2240   stm32f4xx_exti.o
       282          6          0          0          0       1961   stm32f4xx_fsmc.o
       214          0          0          0          0       1911   stm32f4xx_gpio.o
        26          0          0          0          0       4130   stm32f4xx_it.o
       392         48          0         16          0       5973   stm32f4xx_rcc.o
        64          4          0          0          0        660   stm32f4xx_syscfg.o
       894         66          0          0          0       9829   stm32f4xx_tim.o
       474          8          0          0          0       6850   stm32f4xx_usart.o
       340         32          0         20          0       1905   system_stm32f4xx.o
       144         14          0          4          0       1466   timer.o
      7944        608        125         56          0      18160   touch.o
      3088        238          0        137        146       9625   usart.o

    ----------------------------------------------------------------------
    110382       9710       7476       8812       3624     790931   Object Totals
         0          0         32          0          0          0   (incl. Generated)
        48          0         12         59          8          0   (incl. Padding)

    ----------------------------------------------------------------------

      Code (inc. data)   RO Data    RW Data    ZI Data      Debug   Library Member Name

       744        106        152          0          0        352   atan.o
       496         64          0          0          0        192   atan2.o
       200         20          0          0          0        164   cos.o
       368         46         48          0          0        200   cos_i.o
       104         16          0          0          0        496   dunder.o
        44          0          0          0          0        248   fabs.o
        48          0          0          0          0        124   fpclassify.o
       248          0          0          0          0        152   poly.o
         0          0          8          0          0          0   qnan.o
      1080        142        200          0          0        188   rred.o
       200         20          0          0          0        164   sin.o
       304         24         40          0          0        208   sin_i.o
       122          0          0          0          0        148   sqrt.o
        86          0          0          0          0          0   __dczerorl2.o
         0          0          0          0          0          0   entry.o
         0          0          0          0          0          0   entry10a.o
         0          0          0          0          0          0   entry11a.o
         8          4          0          0          0          0   entry2.o
         4          0          0          0          0          0   entry5.o
         0          0          0          0          0          0   entry7b.o
         0          0          0          0          0          0   entry8b.o
         8          4          0          0          0          0   entry9a.o
        12          6          0          4          0         68   errno.o
        30          0          0          0          0          0   handlers.o
        36          8          0          0          0         68   init.o
         0          0          0          0          0          0   iusefp.o
        30          0          0          0          0         68   llshl.o
        36          0          0          0          0         68   llsshr.o
        32          0          0          0          0         68   llushr.o
        36          0          0          0          0         68   memcpya.o
        36          0          0          0          0        108   memseta.o
      2272         86          0          0          0        516   printfa.o
        44          0          0          0          0         80   uidiv.o
        98          0          0          0          0         92   uldiv.o
        48          0          0          0          0         68   cdcmple.o
        48          0          0          0          0         68   cdrcmple.o
        56          0          0          0          0         88   d2f.o
       334          0          0          0          0        148   dadd.o
       222          0          0          0          0        100   ddiv.o
       186          0          0          0          0        176   depilogue.o
        62          0          0          0          0         80   dfixi.o
        50          0          0          0          0         76   dfixui.o
        48          0          0          0          0         68   dfixul.o
        34          0          0          0          0         76   dflti.o
        26          0          0          0          0         76   dfltui.o
       228          0          0          0          0         96   dmul.o
       162          0          0          0          0        100   dsqrt.o
        38          0          0          0          0         68   f2d.o
       110          0          0          0          0        168   fepilogue.o
        44          0          0          0          0         92   ffltl.o

    ----------------------------------------------------------------------
      8442        546        448          4         16       5388   Library Totals
        20          0          0          0         16          0   (incl. Padding)

    ----------------------------------------------------------------------

      Code (inc. data)   RO Data    RW Data    ZI Data      Debug   Library Name

      3958        438        448          0          0       2636   m_wm.l
      2768        108          0          4          0       1204   mc_w.l
      1696          0          0          0          0       1548   mf_w.l

    ----------------------------------------------------------------------
      8442        546        448          4         16       5388   Library Totals

    ----------------------------------------------------------------------

==============================================================================


      Code (inc. data)   RO Data    RW Data    ZI Data      Debug   

    118824      10256       7924       8816       3640     770047   Grand Totals
    118824      10256       7924       1160       3640     770047   ELF Image Totals (compressed)
    118824      10256       7924       1160          0          0   ROM Totals

==============================================================================

    Total RO  Size (Code + RO Data)               126748 ( 123.78kB)
    Total RW  Size (RW Data + ZI Data)             12456 (  12.16kB)
    Total ROM Size (Code + RO Data + RW Data)     127908 ( 124.91kB)

==============================================================================

